ARM Linker, 5.03 [Build 76] [MDK-ARM Standard]

==============================================================================

Section Cross References

    stm32f10x_gpio.o(.text) refers to stm32f10x_rcc.o(.text) for RCC_APB2PeriphResetCmd
    stm32f10x_rcc.o(.text) refers to stm32f10x_rcc.o(.data) for APBAHBPrescTable
    stm32f10x_tim.o(.text) refers to stm32f10x_rcc.o(.text) for RCC_APB2PeriphResetCmd
    stm32f10x_usart.o(.text) refers to stm32f10x_rcc.o(.text) for RCC_APB2PeriphResetCmd
    stm32f10x_can.o(.text) refers to stm32f10x_rcc.o(.text) for RCC_APB1PeriphResetCmd
    stm32f10x_adc.o(.text) refers to stm32f10x_rcc.o(.text) for RCC_APB2PeriphResetCmd
    system_stm32f10x.o(.text) refers to system_stm32f10x.o(.data) for SystemCoreClock
    main.o(.text) refers to dflt_clz.o(x$fpl$dfltu) for __aeabi_ui2d
    main.o(.text) refers to ddiv.o(x$fpl$ddiv) for __aeabi_ddiv
    main.o(.text) refers to dmul.o(x$fpl$dmul) for __aeabi_dmul
    main.o(.text) refers to d2f.o(x$fpl$d2f) for __aeabi_d2f
    main.o(.text) refers to faddsub_clz.o(x$fpl$fadd) for __aeabi_fadd
    main.o(.text) refers to delay.o(.text) for delay_ms
    main.o(.text) refers to f2d.o(x$fpl$f2d) for __aeabi_f2d
    main.o(.text) refers to sysinit.o(.text) for RCC_Configuration
    main.o(.text) refers to stm32f10x_gpio.o(.text) for GPIO_PinRemapConfig
    main.o(.text) refers to can1.o(.text) for CAN1_GPIOConfig
    main.o(.text) refers to ai.o(.text) for AI_init
    main.o(.text) refers to usart1.o(.text) for Uart1_Init
    main.o(.text) refers to ai.o(.data) for ADCConvertedValue
    main.o(.text) refers to main.o(.data) for motor1_cur
    startup_stm32f10x_md.o(STACK) refers (Special) to heapauxi.o(.text) for __use_two_region_memory
    startup_stm32f10x_md.o(HEAP) refers (Special) to heapauxi.o(.text) for __use_two_region_memory
    startup_stm32f10x_md.o(RESET) refers (Special) to heapauxi.o(.text) for __use_two_region_memory
    startup_stm32f10x_md.o(RESET) refers to startup_stm32f10x_md.o(STACK) for __initial_sp
    startup_stm32f10x_md.o(RESET) refers to startup_stm32f10x_md.o(.text) for Reset_Handler
    startup_stm32f10x_md.o(RESET) refers to can1.o(.text) for USB_LP_CAN1_RX0_IRQHandler
    startup_stm32f10x_md.o(RESET) refers to control.o(.text) for TIM1_UP_IRQHandler
    startup_stm32f10x_md.o(RESET) refers to usart1.o(.text) for USART1_IRQHandler
    startup_stm32f10x_md.o(.text) refers (Special) to heapauxi.o(.text) for __use_two_region_memory
    startup_stm32f10x_md.o(.text) refers to system_stm32f10x.o(.text) for SystemInit
    startup_stm32f10x_md.o(.text) refers to __main.o(!!!main) for __main
    startup_stm32f10x_md.o(.text) refers to startup_stm32f10x_md.o(HEAP) for Heap_Mem
    startup_stm32f10x_md.o(.text) refers to startup_stm32f10x_md.o(STACK) for Stack_Mem
    delay.o(.text) refers to delay.o(.data) for fac_us
    pid.o(.text) refers to fflt_clz.o(x$fpl$fflt) for __aeabi_i2f
    pid.o(.text) refers to faddsub_clz.o(x$fpl$fsub) for __aeabi_fsub
    pid.o(.text) refers to fmul.o(x$fpl$fmul) for __aeabi_fmul
    pid.o(.text) refers to faddsub_clz.o(x$fpl$fadd) for __aeabi_fadd
    pid.o(.text) refers to frleqf.o(x$fpl$frleqf) for __aeabi_cfrcmple
    pid.o(.text) refers to fleqf.o(x$fpl$fleqf) for __aeabi_cfcmple
    sysinit.o(.text) refers to stm32f10x_rcc.o(.text) for RCC_DeInit
    sysinit.o(.text) refers to stm32f10x_gpio.o(.text) for GPIO_Init
    sysinit.o(.text) refers to stm32f10x_tim.o(.text) for TIM_DeInit
    sysinit.o(.text) refers to misc.o(.text) for NVIC_PriorityGroupConfig
    sysinit.o(.text) refers to stm32f10x_adc.o(.text) for ADC_DeInit
    can1.o(.text) refers to stm32f10x_rcc.o(.text) for RCC_APB2PeriphClockCmd
    can1.o(.text) refers to stm32f10x_gpio.o(.text) for GPIO_Init
    can1.o(.text) refers to misc.o(.text) for NVIC_PriorityGroupConfig
    can1.o(.text) refers to stm32f10x_can.o(.text) for CAN_DeInit
    control.o(.text) refers to stm32f10x_gpio.o(.text) for GPIO_SetBits
    control.o(.text) refers to frleqf.o(x$fpl$frleqf) for __aeabi_cfrcmple
    control.o(.text) refers to ffixu.o(x$fpl$ffixu) for __aeabi_f2uiz
    control.o(.text) refers to stm32f10x_tim.o(.text) for TIM_SetCompare1
    control.o(.text) refers to fleqf.o(x$fpl$fleqf) for __aeabi_cfcmple
    control.o(.text) refers to fflt_clz.o(x$fpl$fflt) for __aeabi_i2f
    control.o(.text) refers to f2d.o(x$fpl$f2d) for __aeabi_f2d
    control.o(.text) refers to daddsub_clz.o(x$fpl$dadd) for __aeabi_dadd
    control.o(.text) refers to pid.o(.text) for PID_Spe_Control
    control.o(.text) refers to d2f.o(x$fpl$d2f) for __aeabi_d2f
    control.o(.text) refers to can1.o(.text) for CAN1_Send
    control.o(.text) refers to ffix.o(x$fpl$ffix) for __aeabi_f2iz
    control.o(.text) refers to dfix.o(x$fpl$dfix) for __aeabi_d2iz
    control.o(.text) refers to control.o(.data) for CNT
    control.o(.text) refers to main.o(.data) for Mode
    control.o(.text) refers to usart1.o(.data) for position
[...]
    rt_raise.o(.text) refers to sys_exit.o(.text) for _sys_exit
    defsig_exit.o(.text) refers to sys_exit.o(.text) for _sys_exit
    defsig_rtmem_inner.o(.text) refers to defsig_general.o(.text) for __default_signal_display
    __raise.o(.text) refers to defsig.o(CL$$defsig) for __default_signal_handler
    defsig_general.o(.text) refers to sys_wrch.o(.text) for _ttywrch
    sys_wrch.o(.text) refers (Special) to use_no_semi.o(.text) for __I$use$semihosting
    sys_wrch.o(.text) refers (Special) to indicate_semi.o(.text) for __semihosting_library_function
    defsig.o(CL$$defsig) refers to defsig_rtmem_inner.o(.text) for __rt_SIGRTMEM_inner
    defsig_abrt_inner.o(.text) refers to defsig_general.o(.text) for __default_signal_display
    defsig_fpe_inner.o(.text) refers to defsig_general.o(.text) for __default_signal_display
    defsig_rtred_inner.o(.text) refers to defsig_general.o(.text) for __default_signal_display
    defsig_stak_inner.o(.text) refers to defsig_general.o(.text) for __default_signal_display
    defsig_pvfn_inner.o(.text) refers to defsig_general.o(.text) for __default_signal_display
    defsig_cppl_inner.o(.text) refers to defsig_general.o(.text) for __default_signal_display
    defsig_segv_inner.o(.text) refers to defsig_general.o(.text) for __default_signal_display
    defsig_other.o(.text) refers to defsig_general.o(.text) for __default_signal_display


==============================================================================

Removing Unused input sections from the image.

    Removing misc.o(.rev16_text), (4 bytes).
    Removing misc.o(.revsh_text), (4 bytes).
    Removing stm32f10x_dma.o(.rev16_text), (4 bytes).
    Removing stm32f10x_dma.o(.revsh_text), (4 bytes).
    Removing stm32f10x_exti.o(.rev16_text), (4 bytes).
    Removing stm32f10x_exti.o(.revsh_text), (4 bytes).
    Removing stm32f10x_exti.o(.text), (284 bytes).
    Removing stm32f10x_gpio.o(.rev16_text), (4 bytes).
    Removing stm32f10x_gpio.o(.revsh_text), (4 bytes).
    Removing stm32f10x_iwdg.o(.rev16_text), (4 bytes).
    Removing stm32f10x_iwdg.o(.revsh_text), (4 bytes).
    Removing stm32f10x_iwdg.o(.text), (64 bytes).
    Removing stm32f10x_rcc.o(.rev16_text), (4 bytes).
    Removing stm32f10x_rcc.o(.revsh_text), (4 bytes).
    Removing stm32f10x_tim.o(.rev16_text), (4 bytes).
    Removing stm32f10x_tim.o(.revsh_text), (4 bytes).
    Removing stm32f10x_usart.o(.rev16_text), (4 bytes).
    Removing stm32f10x_usart.o(.revsh_text), (4 bytes).
    Removing stm32f10x_can.o(.rev16_text), (4 bytes).
    Removing stm32f10x_can.o(.revsh_text), (4 bytes).
    Removing stm32f10x_adc.o(.rev16_text), (4 bytes).
    Removing stm32f10x_adc.o(.revsh_text), (4 bytes).
    Removing core_cm3.o(.emb_text), (32 bytes).
    Removing system_stm32f10x.o(.rev16_text), (4 bytes).
    Removing system_stm32f10x.o(.revsh_text), (4 bytes).
    Removing main.o(.rev16_text), (4 bytes).
    Removing main.o(.revsh_text), (4 bytes).
    Removing delay.o(.rev16_text), (4 bytes).
    Removing delay.o(.revsh_text), (4 bytes).
    Removing pid.o(.rev16_text), (4 bytes).
    Removing pid.o(.revsh_text), (4 bytes).
    Removing sysinit.o(.rev16_text), (4 bytes).
    Removing sysinit.o(.revsh_text), (4 bytes).
    Removing sysinit.o(.bss), (32 bytes).
    Removing sysinit.o(.data), (1 bytes).
    Removing can1.o(.rev16_text), (4 bytes).
    Removing can1.o(.revsh_text), (4 bytes).
    Removing control.o(.rev16_text), (4 bytes).
    Removing control.o(.revsh_text), (4 bytes).
    Removing ai.o(.rev16_text), (4 bytes).
    Removing ai.o(.revsh_text), (4 bytes).
    Removing usart1.o(.rev16_text), (4 bytes).
    Removing usart1.o(.revsh_text), (4 bytes).

43 unused section(s) (total 565 bytes) removed from the image.

==============================================================================

Image Symbol Table

    Local Symbols

    Symbol Name                              Value     Ov Type        Size  Object(Section)

    ../clib/angel/boardlib.s                 0x00000000   Number         0  boardinit2.o ABSOLUTE
    ../clib/angel/boardlib.s                 0x00000000   Number         0  boardinit1.o ABSOLUTE
    ../clib/angel/boardlib.s                 0x00000000   Number         0  boardinit3.o ABSOLUTE
    ../clib/angel/boardlib.s                 0x00000000   Number         0  boardshut.o ABSOLUTE
    ../clib/angel/handlers.s                 0x00000000   Number         0  __scatter_copy.o ABSOLUTE
    ../clib/angel/handlers.s                 0x00000000   Number         0  __scatter_zi.o ABSOLUTE
    ../clib/angel/kernel.s                   0x00000000   Number         0  rtentry4.o ABSOLUTE
    ../clib/angel/kernel.s                   0x00000000   Number         0  rtexit2.o ABSOLUTE
    ../clib/angel/kernel.s                   0x00000000   Number         0  rtentry.o ABSOLUTE
    ../clib/angel/kernel.s                   0x00000000   Number         0  rtentry2.o ABSOLUTE
    ../clib/angel/kernel.s                   0x00000000   Number         0  rtexit.o ABSOLUTE
    ../clib/angel/rt.s                       0x00000000   Number         0  rt_raise.o ABSOLUTE
    ../clib/angel/scatter.s                  0x00000000   Number         0  __scatter.o ABSOLUTE
    ../clib/angel/startup.s                  0x00000000   Number         0  __main.o ABSOLUTE
    ../clib/angel/sys.s                      0x00000000   Number         0  use_no_semi.o ABSOLUTE
    ../clib/angel/sys.s                      0x00000000   Number         0  sys_stackheap_outer.o ABSOLUTE
    ../clib/angel/sys.s                      0x00000000   Number         0  libspace.o ABSOLUTE
    ../clib/angel/sys.s                      0x00000000   Number         0  indicate_semi.o ABSOLUTE
    ../clib/angel/sysapp.c                   0x00000000   Number         0  sys_wrch.o ABSOLUTE
    ../clib/angel/sysapp.c                   0x00000000   Number         0  sys_command.o ABSOLUTE
    ../clib/angel/sysapp.c                   0x00000000   Number         0  sys_exit.o ABSOLUTE
    ../clib/armsys.c                         0x00000000   Number         0  argv_veneer.o ABSOLUTE
    ../clib/armsys.c                         0x00000000   Number         0  _get_argv_nomalloc.o ABSOLUTE
    ../clib/armsys.c                         0x00000000   Number         0  no_argv.o ABSOLUTE
    ../clib/armsys.c                         0x00000000   Number         0  argv_veneer.o ABSOLUTE
    ../clib/heapalloc.c                      0x00000000   Number         0  hrguard.o ABSOLUTE
    ../clib/heapaux.c                        0x00000000   Number         0  heapauxi.o ABSOLUTE
    ../clib/libinit.s                        0x00000000   Number         0  libinit.o ABSOLUTE
    ../clib/libinit.s                        0x00000000   Number         0  libshutdown2.o ABSOLUTE
    ../clib/libinit.s                        0x00000000   Number         0  libshutdown.o ABSOLUTE
    ../clib/libinit.s                        0x00000000   Number         0  libinit2.o ABSOLUTE
    ../clib/signal.c                         0x00000000   Number         0  defsig_other.o ABSOLUTE
    ../clib/signal.c                         0x00000000   Number         0  defsig_stak_inner.o ABSOLUTE
    ../clib/signal.c                         0x00000000   Number         0  defsig_general.o ABSOLUTE
    ../clib/signal.c                         0x00000000   Number         0  defsig_pvfn_inner.o ABSOLUTE
    ../clib/signal.c                         0x00000000   Number         0  __raise.o ABSOLUTE
    ../clib/signal.c                         0x00000000   Number         0  defsig_rtmem_inner.o ABSOLUTE
    ../clib/signal.c                         0x00000000   Number         0  defsig_segv_inner.o ABSOLUTE
    ../clib/signal.c                         0x00000000   Number         0  defsig_exit.o ABSOLUTE
    ../clib/signal.c                         0x00000000   Number         0  defsig_cppl_inner.o ABSOLUTE
    ../clib/signal.c                         0x00000000   Number         0  defsig_rtmem_formal.o ABSOLUTE
    ../clib/signal.c                         0x00000000   Number         0  defsig_rtmem_outer.o ABSOLUTE
    ../clib/signal.c                         0x00000000   Number         0  defsig_rtred_inner.o ABSOLUTE
    ../clib/signal.c                         0x00000000   Number         0  defsig_fpe_inner.o ABSOLUTE
    ../clib/signal.c                         0x00000000   Number         0  defsig_abrt_inner.o ABSOLUTE
    ../clib/signal.s                         0x00000000   Number         0  defsig.o ABSOLUTE
    ../clib/stdlib.c                         0x00000000   Number         0  exit.o ABSOLUTE
    ../fplib/d2f.s                           0x00000000   Number         0  d2f.o ABSOLUTE
    ../fplib/daddsub.s                       0x00000000   Number         0  daddsub_clz.o ABSOLUTE
    ../fplib/ddiv.s                          0x00000000   Number         0  ddiv.o ABSOLUTE
    ../fplib/dfix.s                          0x00000000   Number         0  dfix.o ABSOLUTE
    ../fplib/dflt.s                          0x00000000   Number         0  dflt_clz.o ABSOLUTE
    ../fplib/dmul.s                          0x00000000   Number         0  dmul.o ABSOLUTE
    ../fplib/dnaninf.s                       0x00000000   Number         0  dnaninf.o ABSOLUTE
    ../fplib/dretinf.s                       0x00000000   Number         0  dretinf.o ABSOLUTE
    ../fplib/f2d.s                           0x00000000   Number         0  f2d.o ABSOLUTE
    ../fplib/faddsub.s                       0x00000000   Number         0  faddsub_clz.o ABSOLUTE
    ../fplib/fcmpi.s                         0x00000000   Number         0  fcmpi.o ABSOLUTE
    ../fplib/ffix.s                          0x00000000   Number         0  ffix.o ABSOLUTE
    ../fplib/ffixu.s                         0x00000000   Number         0  ffixu.o ABSOLUTE
    ../fplib/fflt.s                          0x00000000   Number         0  fflt_clz.o ABSOLUTE
    ../fplib/fleqf.s                         0x00000000   Number         0  fleqf.o ABSOLUTE
    ../fplib/fmul.s                          0x00000000   Number         0  fmul.o ABSOLUTE
    ../fplib/fnaninf.s                       0x00000000   Number         0  fnaninf.o ABSOLUTE
    ../fplib/fpinit.s                        0x00000000   Number         0  fpinit.o ABSOLUTE
    ../fplib/fretinf.s                       0x00000000   Number         0  fretinf.o ABSOLUTE
    ../fplib/frleqf.s                        0x00000000   Number         0  frleqf.o ABSOLUTE
    ../fplib/usenofp.s                       0x00000000   Number         0  usenofp.o ABSOLUTE
    ..\CMSIS\core_cm3.c                      0x00000000   Number         0  core_cm3.o ABSOLUTE
    ..\CMSIS\system_stm32f10x.c              0x00000000   Number         0  system_stm32f10x.o ABSOLUTE
    ..\\CMSIS\\core_cm3.c                    0x00000000   Number         0  core_cm3.o ABSOLUTE
    ..\\CMSIS\\system_stm32f10x.c            0x00000000   Number         0  system_stm32f10x.o ABSOLUTE
    ..\\lib\\src\\misc.c                     0x00000000   Number         0  misc.o ABSOLUTE
    ..\\lib\\src\\stm32f10x_adc.c            0x00000000   Number         0  stm32f10x_adc.o ABSOLUTE
    ..\\lib\\src\\stm32f10x_can.c            0x00000000   Number         0  stm32f10x_can.o ABSOLUTE
    ..\\lib\\src\\stm32f10x_dma.c            0x00000000   Number         0  stm32f10x_dma.o ABSOLUTE
    ..\\lib\\src\\stm32f10x_exti.c           0x00000000   Number         0  stm32f10x_exti.o ABSOLUTE
    ..\\lib\\src\\stm32f10x_gpio.c           0x00000000   Number         0  stm32f10x_gpio.o ABSOLUTE
    ..\\lib\\src\\stm32f10x_iwdg.c           0x00000000   Number         0  stm32f10x_iwdg.o ABSOLUTE
    ..\\lib\\src\\stm32f10x_rcc.c            0x00000000   Number         0  stm32f10x_rcc.o ABSOLUTE
    ..\\lib\\src\\stm32f10x_tim.c            0x00000000   Number         0  stm32f10x_tim.o ABSOLUTE
    ..\\lib\\src\\stm32f10x_usart.c          0x00000000   Number         0  stm32f10x_usart.o ABSOLUTE
    ..\\system\\AI.c                         0x00000000   Number         0  ai.o ABSOLUTE
    ..\\system\\CAN1.c                       0x00000000   Number         0  can1.o ABSOLUTE
    ..\\system\\Control.C                    0x00000000   Number         0  control.o ABSOLUTE
    ..\\system\\PID.c                        0x00000000   Number         0  pid.o ABSOLUTE
    ..\\system\\SysInit.C                    0x00000000   Number         0  sysinit.o ABSOLUTE
    ..\\system\\USART1.c                     0x00000000   Number         0  usart1.o ABSOLUTE
    ..\\system\\delay.c                      0x00000000   Number         0  delay.o ABSOLUTE
    ..\lib\src\misc.c                        0x00000000   Number         0  misc.o ABSOLUTE
    ..\lib\src\stm32f10x_adc.c               0x00000000   Number         0  stm32f10x_adc.o ABSOLUTE
    ..\lib\src\stm32f10x_can.c               0x00000000   Number         0  stm32f10x_can.o ABSOLUTE
    ..\lib\src\stm32f10x_dma.c               0x00000000   Number         0  stm32f10x_dma.o ABSOLUTE
    ..\lib\src\stm32f10x_exti.c              0x00000000   Number         0  stm32f10x_exti.o ABSOLUTE
    ..\lib\src\stm32f10x_gpio.c              0x00000000   Number         0  stm32f10x_gpio.o ABSOLUTE
    ..\lib\src\stm32f10x_iwdg.c              0x00000000   Number         0  stm32f10x_iwdg.o ABSOLUTE
    ..\lib\src\stm32f10x_rcc.c               0x00000000   Number         0  stm32f10x_rcc.o ABSOLUTE
    ..\lib\src\stm32f10x_tim.c               0x00000000   Number         0  stm32f10x_tim.o ABSOLUTE
    ..\lib\src\stm32f10x_usart.c             0x00000000   Number         0  stm32f10x_usart.o ABSOLUTE
    ..\start\startup_stm32f10x_md.s          0x00000000   Number         0  startup_stm32f10x_md.o ABSOLUTE
    ..\system\AI.c                           0x00000000   Number         0  ai.o ABSOLUTE
    ..\system\CAN1.c                         0x00000000   Number         0  can1.o ABSOLUTE
    ..\system\Control.C                      0x00000000   Number         0  control.o ABSOLUTE
    ..\system\PID.c                          0x00000000   Number         0  pid.o ABSOLUTE
    ..\system\SysInit.C                      0x00000000   Number         0  sysinit.o ABSOLUTE
    ..\system\USART1.c                       0x00000000   Number         0  usart1.o ABSOLUTE
    ..\system\delay.c                        0x00000000   Number         0  delay.o ABSOLUTE
    dc.s                                     0x00000000   Number         0  dc.o ABSOLUTE
    main.c                                   0x00000000   Number         0  main.o ABSOLUTE
    main.c                                   0x00000000   Number         0  main.o ABSOLUTE
    RESET                                    0x08000000   Section      236  startup_stm32f10x_md.o(RESET)
    !!!main                                  0x080000ec   Section        8  __main.o(!!!main)
    !!!scatter                               0x080000f4   Section       52  __scatter.o(!!!scatter)
    !!handler_copy                           0x08000128   Section       26  __scatter_copy.o(!!handler_copy)
    !!handler_zi                             0x08000144   Section       28  __scatter_zi.o(!!handler_zi)
    .ARM.Collect$$libinit$$00000000          0x08000160   Section        2  libinit.o(.ARM.Collect$$libinit$$00000000)
    .ARM.Collect$$libinit$$00000002          0x08000162   Section        0  libinit2.o(.ARM.Collect$$libinit$$00000002)
    .ARM.Collect$$libinit$$00000008          0x08000162   Section        0  libinit2.o(.ARM.Collect$$libinit$$00000008)
    .ARM.Collect$$libinit$$0000000A          0x08000162   Section        0  libinit2.o(.ARM.Collect$$libinit$$0000000A)
    .ARM.Collect$$libinit$$0000000C          0x08000162   Section        0  libinit2.o(.ARM.Collect$$libinit$$0000000C)
    .ARM.Collect$$libinit$$0000000F          0x08000162   Section        0  libinit2.o(.ARM.Collect$$libinit$$0000000F)
    .ARM.Collect$$libinit$$00000011          0x08000162   Section        0  libinit2.o(.ARM.Collect$$libinit$$00000011)
    .ARM.Collect$$libinit$$00000013          0x08000162   Section        0  libinit2.o(.ARM.Collect$$libinit$$00000013)
    .ARM.Collect$$libinit$$00000015          0x08000162   Section        0  libinit2.o(.ARM.Collect$$libinit$$00000015)
    .ARM.Collect$$libinit$$00000017          0x08000162   Section        0  libinit2.o(.ARM.Collect$$libinit$$00000017)
    .ARM.Collect$$libinit$$00000019          0x08000162   Section        0  libinit2.o(.ARM.Collect$$libinit$$00000019)
    .ARM.Collect$$libinit$$0000001B          0x08000162   Section        0  libinit2.o(.ARM.Collect$$libinit$$0000001B)
    .ARM.Collect$$libinit$$0000001D          0x08000162   Section        0  libinit2.o(.ARM.Collect$$libinit$$0000001D)
    .ARM.Collect$$libinit$$0000001F          0x08000162   Section        0  libinit2.o(.ARM.Collect$$libinit$$0000001F)
    .ARM.Collect$$libinit$$00000021          0x08000162   Section        0  libinit2.o(.ARM.Collect$$libinit$$00000021)
    .ARM.Collect$$libinit$$00000023          0x08000162   Section        0  libinit2.o(.ARM.Collect$$libinit$$00000023)
    .ARM.Collect$$libinit$$0000002A          0x08000162   Section        0  libinit2.o(.ARM.Collect$$libinit$$0000002A)
    .ARM.Collect$$libinit$$0000002C          0x08000162   Section        0  libinit2.o(.ARM.Collect$$libinit$$0000002C)
    .ARM.Collect$$libinit$$0000002E          0x08000162   Section        0  libinit2.o(.ARM.Collect$$libinit$$0000002E)
    .ARM.Collect$$libinit$$00000030          0x08000162   Section        0  libinit2.o(.ARM.Collect$$libinit$$00000030)
    .ARM.Collect$$libinit$$00000031          0x08000162   Section        2  libinit2.o(.ARM.Collect$$libinit$$00000031)
    .ARM.Collect$$libshutdown$$00000000      0x08000164   Section        2  libshutdown.o(.ARM.Collect$$libshutdown$$00000000)
    .ARM.Collect$$libshutdown$$00000003      0x08000166   Section        0  libshutdown2.o(.ARM.Collect$$libshutdown$$00000003)
    .ARM.Collect$$libshutdown$$00000006      0x08000166   Section        0  libshutdown2.o(.ARM.Collect$$libshutdown$$00000006)
    .ARM.Collect$$libshutdown$$00000009      0x08000166   Section        0  libshutdown2.o(.ARM.Collect$$libshutdown$$00000009)
    .ARM.Collect$$libshutdown$$0000000B      0x08000166   Section        0  libshutdown2.o(.ARM.Collect$$libshutdown$$0000000B)
    .ARM.Collect$$libshutdown$$0000000E      0x08000166   Section        0  libshutdown2.o(.ARM.Collect$$libshutdown$$0000000E)
    .ARM.Collect$$libshutdown$$0000000F      0x08000166   Section        2  libshutdown2.o(.ARM.Collect$$libshutdown$$0000000F)
    .ARM.Collect$$rtentry$$00000000          0x08000168   Section        0  rtentry.o(.ARM.Collect$$rtentry$$00000000)
    .ARM.Collect$$rtentry$$00000002          0x08000168   Section        0  rtentry2.o(.ARM.Collect$$rtentry$$00000002)
    .ARM.Collect$$rtentry$$00000004          0x08000168   Section        6  rtentry4.o(.ARM.Collect$$rtentry$$00000004)
    .ARM.Collect$$rtentry$$00000009          0x0800016e   Section        0  rtentry2.o(.ARM.Collect$$rtentry$$00000009)
    .ARM.Collect$$rtentry$$0000000A          0x0800016e   Section        4  rtentry2.o(.ARM.Collect$$rtentry$$0000000A)
    .ARM.Collect$$rtentry$$0000000C          0x08000172   Section        0  rtentry2.o(.ARM.Collect$$rtentry$$0000000C)
    .ARM.Collect$$rtentry$$0000000D          0x08000172   Section        8  rtentry2.o(.ARM.Collect$$rtentry$$0000000D)
    .ARM.Collect$$rtexit$$00000000           0x0800017a   Section        2  rtexit.o(.ARM.Collect$$rtexit$$00000000)
    .ARM.Collect$$rtexit$$00000002           0x0800017c   Section        0  rtexit2.o(.ARM.Collect$$rtexit$$00000002)
    .ARM.Collect$$rtexit$$00000003           0x0800017c   Section        4  rtexit2.o(.ARM.Collect$$rtexit$$00000003)
    .ARM.Collect$$rtexit$$00000004           0x08000180   Section        6  rtexit2.o(.ARM.Collect$$rtexit$$00000004)
    .text                                    0x08000188   Section        0  misc.o(.text)
    .text                                    0x08000264   Section        0  stm32f10x_dma.o(.text)
    .text                                    0x080004b4   Section        0  stm32f10x_gpio.o(.text)
    .text                                    0x0800080c   Section        0  stm32f10x_rcc.o(.text)
    .text                                    0x08000bb0   Section        0  stm32f10x_tim.o(.text)
    TI4_Config                               0x08001057   Thumb Code   130  stm32f10x_tim.o(.text)
    TI3_Config                               0x080010eb   Thumb Code   122  stm32f10x_tim.o(.text)
    TI2_Config                               0x0800117f   Thumb Code   130  stm32f10x_tim.o(.text)
    TI1_Config                               0x08001213   Thumb Code   108  stm32f10x_tim.o(.text)
    .text                                    0x080019cc   Section        0  stm32f10x_usart.o(.text)
    .text                                    0x08001dd4   Section        0  stm32f10x_can.o(.text)
    CheckITStatus                            0x080025d7   Thumb Code    16  stm32f10x_can.o(.text)
    .text                                    0x080027c0   Section        0  stm32f10x_adc.o(.text)
    .text                                    0x08002c10   Section        0  system_stm32f10x.o(.text)
    SetSysClockTo72                          0x08002c11   Thumb Code   212  system_stm32f10x.o(.text)
    SetSysClock                              0x08002ce5   Thumb Code     8  system_stm32f10x.o(.text)
    .text                                    0x08002dec   Section        0  main.o(.text)
    .text                                    0x08002fa4   Section       64  startup_stm32f10x_md.o(.text)
    .text                                    0x08002fe4   Section        0  delay.o(.text)
    .text                                    0x08003094   Section        0  pid.o(.text)
    .text                                    0x0800314c   Section        0  sysinit.o(.text)
    .text                                    0x08003574   Section        0  can1.o(.text)
    .text                                    0x08003720   Section        0  control.o(.text)
    .text                                    0x08003a38   Section        0  ai.o(.text)
    .text                                    0x08003b78   Section        0  usart1.o(.text)
    Uart1_Nvic_Conf                          0x08003b79   Thumb Code    40  usart1.o(.text)
    .text                                    0x0800406c   Section        0  heapauxi.o(.text)
    .text                                    0x08004072   Section       74  sys_stackheap_outer.o(.text)
    .text                                    0x080040bc   Section        0  exit.o(.text)
    .text                                    0x080040c8   Section        8  libspace.o(.text)
    .text                                    0x080040d0   Section        0  sys_exit.o(.text)
    .text                                    0x080040dc   Section        2  use_no_semi.o(.text)
    .text                                    0x080040de   Section        0  indicate_semi.o(.text)
    x$fpl$d2f                                0x080040e0   Section       98  d2f.o(x$fpl$d2f)
    x$fpl$dadd                               0x08004144   Section      336  daddsub_clz.o(x$fpl$dadd)
    _dadd1                                   0x08004155   Thumb Code     0  daddsub_clz.o(x$fpl$dadd)
    x$fpl$ddiv                               0x08004294   Section      688  ddiv.o(x$fpl$ddiv)
    ddiv_entry                               0x0800429b   Thumb Code     0  ddiv.o(x$fpl$ddiv)
    x$fpl$dfix                               0x08004544   Section       94  dfix.o(x$fpl$dfix)
    x$fpl$dfltu                              0x080045a2   Section       38  dflt_clz.o(x$fpl$dfltu)
    x$fpl$dmul                               0x080045c8   Section      340  dmul.o(x$fpl$dmul)
    x$fpl$dnaninf                            0x0800471c   Section      156  dnaninf.o(x$fpl$dnaninf)
    x$fpl$dretinf                            0x080047b8   Section       12  dretinf.o(x$fpl$dretinf)
    x$fpl$dsub                               0x080047c4   Section      468  daddsub_clz.o(x$fpl$dsub)
    _dsub1                                   0x080047d5   Thumb Code     0  daddsub_clz.o(x$fpl$dsub)
    x$fpl$f2d                                0x08004998   Section       86  f2d.o(x$fpl$f2d)
    x$fpl$fadd                               0x080049f0   Section      196  faddsub_clz.o(x$fpl$fadd)
    _fadd1                                   0x080049ff   Thumb Code     0  faddsub_clz.o(x$fpl$fadd)
    x$fpl$fcmpinf                            0x08004ab4   Section       24  fcmpi.o(x$fpl$fcmpinf)
    x$fpl$ffix                               0x08004acc   Section       54  ffix.o(x$fpl$ffix)
    x$fpl$ffixu                              0x08004b04   Section       62  ffixu.o(x$fpl$ffixu)
    x$fpl$fflt                               0x08004b44   Section       48  fflt_clz.o(x$fpl$fflt)
    x$fpl$fleqf                              0x08004b74   Section      104  fleqf.o(x$fpl$fleqf)
    x$fpl$fmul                               0x08004bdc   Section      258  fmul.o(x$fpl$fmul)
    x$fpl$fnaninf                            0x08004cde   Section      140  fnaninf.o(x$fpl$fnaninf)
    x$fpl$fretinf                            0x08004d6a   Section       10  fretinf.o(x$fpl$fretinf)
    x$fpl$frleqf                             0x08004d74   Section       98  frleqf.o(x$fpl$frleqf)
    x$fpl$fsub                               0x08004dd8   Section      234  faddsub_clz.o(x$fpl$fsub)
    _fsub1                                   0x08004de7   Thumb Code     0  faddsub_clz.o(x$fpl$fsub)
    x$fpl$usenofp                            0x08004ec2   Section        0  usenofp.o(x$fpl$usenofp)
    .data                                    0x20000000   Section       20  stm32f10x_rcc.o(.data)
    APBAHBPrescTable                         0x20000000   Data          16  stm32f10x_rcc.o(.data)
    ADCPrescTable                            0x20000010   Data           4  stm32f10x_rcc.o(.data)
    .data                                    0x20000014   Section       20  system_stm32f10x.o(.data)
    .data                                    0x20000028   Section       28  main.o(.data)
    .data                                    0x20000044   Section        4  delay.o(.data)
    fac_us                                   0x20000044   Data           1  delay.o(.data)
    fac_ms                                   0x20000046   Data           2  delay.o(.data)
    .data                                    0x20000048   Section      112  control.o(.data)
    ID_101_Pos_target                        0x200000a8   Data           4  control.o(.data)
    transfer_cnt                             0x200000ac   Data           4  control.o(.data)
    pos_loop_cnt                             0x200000b0   Data           4  control.o(.data)
    CNT                                      0x200000b4   Data           4  control.o(.data)
    .data                                    0x200000b8   Section        4  ai.o(.data)
    .data                                    0x200000bc   Section       23  usart1.o(.data)
    RxState                                  0x200000bd   Data           1  usart1.o(.data)
    _data_len                                0x200000ce   Data           1  usart1.o(.data)
    _data_cnt                                0x200000cf   Data           1  usart1.o(.data)
    .bss                                     0x200000d4   Section      596  usart1.o(.bss)
    RxBuffer                                 0x200002d2   Data          50  usart1.o(.bss)
    .bss                                     0x20000328   Section       96  libspace.o(.bss)
    HEAP                                     0x20000388   Section      512  startup_stm32f10x_md.o(HEAP)
    Heap_Mem                                 0x20000388   Data         512  startup_stm32f10x_md.o(HEAP)
    STACK                                    0x20000588   Section     1024  startup_stm32f10x_md.o(STACK)
    Stack_Mem                                0x20000588   Data        1024  startup_stm32f10x_md.o(STACK)
    __initial_sp                             0x20000988   Data           0  startup_stm32f10x_md.o(STACK)

    Global Symbols

    Symbol Name                              Value     Ov Type        Size  Object(Section)

    BuildAttributes$$THM_ISAv4$P$D$K$B$S$PE$A:L22UL41UL21$X:L11$S22US41US21$IEEE1$IW$USESV6$~STKCKD$USESV7$~SHL$OSPACE$ROPI$EBA8$UX$STANDARDLIB$REQ8$PRES8$EABIv2 0x00000000   Number         0  anon$$obj.o ABSOLUTE
    __ARM_use_no_argv                        0x00000000   Number         0  main.o ABSOLUTE
    __ARM_exceptions_init                     - Undefined Weak Reference
    __alloca_initialize                       - Undefined Weak Reference
    __cpp_initialize__aeabi_                  - Undefined Weak Reference
    __cxa_finalize                            - Undefined Weak Reference
    __rt_locale                               - Undefined Weak Reference
    __sigvec_lookup                           - Undefined Weak Reference
    _atexit_init                              - Undefined Weak Reference
    _call_atexit_fns                          - Undefined Weak Reference
    _clock_init                               - Undefined Weak Reference
    _fp_trap_init                             - Undefined Weak Reference
    _fp_trap_shutdown                         - Undefined Weak Reference
    _get_lc_collate                           - Undefined Weak Reference
    _get_lc_ctype                             - Undefined Weak Reference
    _get_lc_monetary                          - Undefined Weak Reference
    _get_lc_numeric                           - Undefined Weak Reference
    _get_lc_time                              - Undefined Weak Reference
    _getenv_init                              - Undefined Weak Reference
    _handle_redirection                       - Undefined Weak Reference
    _init_alloc                               - Undefined Weak Reference
    _init_user_alloc                          - Undefined Weak Reference
    _initio                                   - Undefined Weak Reference
    _rand_init                                - Undefined Weak Reference
    _signal_finish                            - Undefined Weak Reference
    _signal_init                              - Undefined Weak Reference
    _terminate_alloc                          - Undefined Weak Reference
    _terminate_user_alloc                     - Undefined Weak Reference
    _terminateio                              - Undefined Weak Reference
    __Vectors_Size                           0x000000ec   Number         0  startup_stm32f10x_md.o ABSOLUTE
    __Vectors                                0x08000000   Data           4  startup_stm32f10x_md.o(RESET)
    __Vectors_End                            0x080000ec   Data           0  startup_stm32f10x_md.o(RESET)
    __main                                   0x080000ed   Thumb Code     8  __main.o(!!!main)
    __scatterload                            0x080000f5   Thumb Code     0  __scatter.o(!!!scatter)
    __scatterload_rt2                        0x080000f5   Thumb Code    44  __scatter.o(!!!scatter)
    __scatterload_rt2_thumb_only             0x080000f5   Thumb Code     0  __scatter.o(!!!scatter)
    __scatterload_null                       0x08000103   Thumb Code     0  __scatter.o(!!!scatter)
    __scatterload_copy                       0x08000129   Thumb Code    26  __scatter_copy.o(!!handler_copy)
    __scatterload_zeroinit                   0x08000145   Thumb Code    28  __scatter_zi.o(!!handler_zi)
    __rt_lib_init                            0x08000161   Thumb Code     0  libinit.o(.ARM.Collect$$libinit$$00000000)
    __rt_lib_init_alloca_1                   0x08000163   Thumb Code     0  libinit2.o(.ARM.Collect$$libinit$$0000002C)
    __rt_lib_init_argv_1                     0x08000163   Thumb Code     0  libinit2.o(.ARM.Collect$$libinit$$0000002A)
    __rt_lib_init_atexit_1                   0x08000163   Thumb Code     0  libinit2.o(.ARM.Collect$$libinit$$00000019)
    __rt_lib_init_clock_1                    0x08000163   Thumb Code     0  libinit2.o(.ARM.Collect$$libinit$$0000001F)
    __rt_lib_init_cpp_1                      0x08000163   Thumb Code     0  libinit2.o(.ARM.Collect$$libinit$$00000030)
    __rt_lib_init_exceptions_1               0x08000163   Thumb Code     0  libinit2.o(.ARM.Collect$$libinit$$0000002E)
    __rt_lib_init_fp_1                       0x08000163   Thumb Code     0  libinit2.o(.ARM.Collect$$libinit$$00000002)
    __rt_lib_init_fp_trap_1                  0x08000163   Thumb Code     0  libinit2.o(.ARM.Collect$$libinit$$0000001D)
    __rt_lib_init_getenv_1                   0x08000163   Thumb Code     0  libinit2.o(.ARM.Collect$$libinit$$00000021)
    __rt_lib_init_heap_1                     0x08000163   Thumb Code     0  libinit2.o(.ARM.Collect$$libinit$$00000008)
    __rt_lib_init_lc_collate_1               0x08000163   Thumb Code     0  libinit2.o(.ARM.Collect$$libinit$$0000000F)
    __rt_lib_init_lc_ctype_1                 0x08000163   Thumb Code     0  libinit2.o(.ARM.Collect$$libinit$$00000011)
    __rt_lib_init_lc_monetary_1              0x08000163   Thumb Code     0  libinit2.o(.ARM.Collect$$libinit$$00000013)
    __rt_lib_init_lc_numeric_1               0x08000163   Thumb Code     0  libinit2.o(.ARM.Collect$$libinit$$00000015)
    __rt_lib_init_lc_time_1                  0x08000163   Thumb Code     0  libinit2.o(.ARM.Collect$$libinit$$00000017)
    __rt_lib_init_rand_1                     0x08000163   Thumb Code     0  libinit2.o(.ARM.Collect$$libinit$$0000000C)
    __rt_lib_init_return                     0x08000163   Thumb Code     0  libinit2.o(.ARM.Collect$$libinit$$00000031)
    __rt_lib_init_signal_1                   0x08000163   Thumb Code     0  libinit2.o(.ARM.Collect$$libinit$$0000001B)
    __rt_lib_init_stdio_1                    0x08000163   Thumb Code     0  libinit2.o(.ARM.Collect$$libinit$$00000023)
    __rt_lib_init_user_alloc_1               0x08000163   Thumb Code     0  libinit2.o(.ARM.Collect$$libinit$$0000000A)
    __rt_lib_shutdown                        0x08000165   Thumb Code     0  libshutdown.o(.ARM.Collect$$libshutdown$$00000000)
    __rt_lib_shutdown_fp_trap_1              0x08000167   Thumb Code     0  libshutdown2.o(.ARM.Collect$$libshutdown$$00000006)
    __rt_lib_shutdown_heap_1                 0x08000167   Thumb Code     0  libshutdown2.o(.ARM.Collect$$libshutdown$$0000000E)
    __rt_lib_shutdown_return                 0x08000167   Thumb Code     0  libshutdown2.o(.ARM.Collect$$libshutdown$$0000000F)
    __rt_lib_shutdown_signal_1               0x08000167   Thumb Code     0  libshutdown2.o(.ARM.Collect$$libshutdown$$00000009)
    __rt_lib_shutdown_stdio_1                0x08000167   Thumb Code     0  libshutdown2.o(.ARM.Collect$$libshutdown$$00000003)
    __rt_lib_shutdown_user_alloc_1           0x08000167   Thumb Code     0  libshutdown2.o(.ARM.Collect$$libshutdown$$0000000B)
    __rt_entry                               0x08000169   Thumb Code     0  rtentry.o(.ARM.Collect$$rtentry$$00000000)
    __rt_entry_presh_1                       0x08000169   Thumb Code     0  rtentry2.o(.ARM.Collect$$rtentry$$00000002)
    __rt_entry_sh                            0x08000169   Thumb Code     0  rtentry4.o(.ARM.Collect$$rtentry$$00000004)
    __rt_entry_li                            0x0800016f   Thumb Code     0  rtentry2.o(.ARM.Collect$$rtentry$$0000000A)
    __rt_entry_postsh_1                      0x0800016f   Thumb Code     0  rtentry2.o(.ARM.Collect$$rtentry$$00000009)
    __rt_entry_main                          0x08000173   Thumb Code     0  rtentry2.o(.ARM.Collect$$rtentry$$0000000D)
    __rt_entry_postli_1                      0x08000173   Thumb Code     0  rtentry2.o(.ARM.Collect$$rtentry$$0000000C)
    __rt_exit                                0x0800017b   Thumb Code     0  rtexit.o(.ARM.Collect$$rtexit$$00000000)
    __rt_exit_ls                             0x0800017d   Thumb Code     0  rtexit2.o(.ARM.Collect$$rtexit$$00000003)
    __rt_exit_prels_1                        0x0800017d   Thumb Code     0  rtexit2.o(.ARM.Collect$$rtexit$$00000002)
    __rt_exit_exit                           0x08000181   Thumb Code     0  rtexit2.o(.ARM.Collect$$rtexit$$00000004)
    NVIC_PriorityGroupConfig                 0x08000189   Thumb Code    10  misc.o(.text)
    NVIC_Init                                0x08000193   Thumb Code   102  misc.o(.text)
    NVIC_SetVectorTable                      0x080001f9   Thumb Code    14  misc.o(.text)
    NVIC_SystemLPConfig                      0x08000207   Thumb Code    34  misc.o(.text)
    SysTick_CLKSourceConfig                  0x08000229   Thumb Code    40  misc.o(.text)
    DMA_DeInit                               0x08000265   Thumb Code   324  stm32f10x_dma.o(.text)
    DMA_Init                                 0x080003a9   Thumb Code    60  stm32f10x_dma.o(.text)
    DMA_StructInit                           0x080003e5   Thumb Code    26  stm32f10x_dma.o(.text)
    DMA_Cmd                                  0x080003ff   Thumb Code    24  stm32f10x_dma.o(.text)
    DMA_ITConfig                             0x08000417   Thumb Code    18  stm32f10x_dma.o(.text)
    DMA_SetCurrDataCounter                   0x08000429   Thumb Code     4  stm32f10x_dma.o(.text)
    DMA_GetCurrDataCounter                   0x0800042d   Thumb Code     8  stm32f10x_dma.o(.text)
    DMA_GetFlagStatus                        0x08000435   Thumb Code    38  stm32f10x_dma.o(.text)
    DMA_ClearFlag                            0x0800045b   Thumb Code    22  stm32f10x_dma.o(.text)
    DMA_GetITStatus                          0x08000471   Thumb Code    38  stm32f10x_dma.o(.text)
    DMA_ClearITPendingBit                    0x08000497   Thumb Code    22  stm32f10x_dma.o(.text)
    GPIO_DeInit                              0x080004b5   Thumb Code   172  stm32f10x_gpio.o(.text)
    GPIO_AFIODeInit                          0x08000561   Thumb Code    20  stm32f10x_gpio.o(.text)
    GPIO_Init                                0x08000575   Thumb Code   274  stm32f10x_gpio.o(.text)
    GPIO_StructInit                          0x08000687   Thumb Code    16  stm32f10x_gpio.o(.text)
    GPIO_ReadInputDataBit                    0x08000697   Thumb Code    18  stm32f10x_gpio.o(.text)
    GPIO_ReadInputData                       0x080006a9   Thumb Code     8  stm32f10x_gpio.o(.text)
    GPIO_ReadOutputDataBit                   0x080006b1   Thumb Code    18  stm32f10x_gpio.o(.text)
    GPIO_ReadOutputData                      0x080006c3   Thumb Code     8  stm32f10x_gpio.o(.text)
    GPIO_SetBits                             0x080006cb   Thumb Code     4  stm32f10x_gpio.o(.text)
    GPIO_ResetBits                           0x080006cf   Thumb Code     4  stm32f10x_gpio.o(.text)
    GPIO_WriteBit                            0x080006d3   Thumb Code    10  stm32f10x_gpio.o(.text)
    GPIO_Write                               0x080006dd   Thumb Code     4  stm32f10x_gpio.o(.text)
    GPIO_PinLockConfig                       0x080006e1   Thumb Code    18  stm32f10x_gpio.o(.text)
    GPIO_EventOutputConfig                   0x080006f3   Thumb Code    26  stm32f10x_gpio.o(.text)
    GPIO_EventOutputCmd                      0x0800070d   Thumb Code     6  stm32f10x_gpio.o(.text)
    GPIO_PinRemapConfig                      0x08000713   Thumb Code   138  stm32f10x_gpio.o(.text)
    GPIO_EXTILineConfig                      0x0800079d   Thumb Code    66  stm32f10x_gpio.o(.text)
    GPIO_ETH_MediaInterfaceConfig            0x080007df   Thumb Code     6  stm32f10x_gpio.o(.text)
    RCC_DeInit                               0x0800080d   Thumb Code    64  stm32f10x_rcc.o(.text)
    RCC_HSEConfig                            0x0800084d   Thumb Code    70  stm32f10x_rcc.o(.text)
    RCC_GetFlagStatus                        0x08000893   Thumb Code    56  stm32f10x_rcc.o(.text)
    RCC_WaitForHSEStartUp                    0x080008cb   Thumb Code    56  stm32f10x_rcc.o(.text)
    RCC_AdjustHSICalibrationValue            0x08000903   Thumb Code    20  stm32f10x_rcc.o(.text)
    RCC_HSICmd                               0x08000917   Thumb Code     6  stm32f10x_rcc.o(.text)
    RCC_PLLConfig                            0x0800091d   Thumb Code    24  stm32f10x_rcc.o(.text)
    RCC_PLLCmd                               0x08000935   Thumb Code     6  stm32f10x_rcc.o(.text)
    RCC_SYSCLKConfig                         0x0800093b   Thumb Code    18  stm32f10x_rcc.o(.text)
    RCC_GetSYSCLKSource                      0x0800094d   Thumb Code    10  stm32f10x_rcc.o(.text)
    RCC_HCLKConfig                           0x08000957   Thumb Code    18  stm32f10x_rcc.o(.text)
    RCC_PCLK1Config                          0x08000969   Thumb Code    18  stm32f10x_rcc.o(.text)
    RCC_PCLK2Config                          0x0800097b   Thumb Code    20  stm32f10x_rcc.o(.text)
    RCC_ITConfig                             0x0800098f   Thumb Code    26  stm32f10x_rcc.o(.text)
    RCC_USBCLKConfig                         0x080009a9   Thumb Code     6  stm32f10x_rcc.o(.text)
    RCC_ADCCLKConfig                         0x080009af   Thumb Code    18  stm32f10x_rcc.o(.text)
    RCC_LSEConfig                            0x080009c1   Thumb Code    44  stm32f10x_rcc.o(.text)
    RCC_LSICmd                               0x080009ed   Thumb Code     6  stm32f10x_rcc.o(.text)
    RCC_RTCCLKConfig                         0x080009f3   Thumb Code    12  stm32f10x_rcc.o(.text)
    RCC_RTCCLKCmd                            0x080009ff   Thumb Code     8  stm32f10x_rcc.o(.text)
    RCC_GetClocksFreq                        0x08000a07   Thumb Code   192  stm32f10x_rcc.o(.text)
    RCC_AHBPeriphClockCmd                    0x08000ac7   Thumb Code    26  stm32f10x_rcc.o(.text)
    RCC_APB2PeriphClockCmd                   0x08000ae1   Thumb Code    26  stm32f10x_rcc.o(.text)
    RCC_APB1PeriphClockCmd                   0x08000afb   Thumb Code    26  stm32f10x_rcc.o(.text)
    RCC_APB2PeriphResetCmd                   0x08000b15   Thumb Code    26  stm32f10x_rcc.o(.text)
    RCC_APB1PeriphResetCmd                   0x08000b2f   Thumb Code    26  stm32f10x_rcc.o(.text)
    RCC_BackupResetCmd                       0x08000b49   Thumb Code     8  stm32f10x_rcc.o(.text)
    RCC_ClockSecuritySystemCmd               0x08000b51   Thumb Code     6  stm32f10x_rcc.o(.text)
    RCC_MCOConfig                            0x08000b57   Thumb Code     6  stm32f10x_rcc.o(.text)
    RCC_ClearFlag                            0x08000b5d   Thumb Code    14  stm32f10x_rcc.o(.text)
    RCC_GetITStatus                          0x08000b6b   Thumb Code    20  stm32f10x_rcc.o(.text)
    RCC_ClearITPendingBit                    0x08000b7f   Thumb Code     6  stm32f10x_rcc.o(.text)
    TIM_DeInit                               0x08000bb1   Thumb Code   424  stm32f10x_tim.o(.text)
    TIM_TimeBaseInit                         0x08000d59   Thumb Code   122  stm32f10x_tim.o(.text)
    TIM_OC1Init                              0x08000dd3   Thumb Code   132  stm32f10x_tim.o(.text)
    TIM_OC2Init                              0x08000e57   Thumb Code   154  stm32f10x_tim.o(.text)
    TIM_OC3Init                              0x08000ef1   Thumb Code   150  stm32f10x_tim.o(.text)
    TIM_OC4Init                              0x08000f87   Thumb Code   182  stm32f10x_tim.o(.text)
    TIM_SetIC4Prescaler                      0x0800103d   Thumb Code    26  stm32f10x_tim.o(.text)
    TIM_SetIC3Prescaler                      0x080010d9   Thumb Code    18  stm32f10x_tim.o(.text)
    TIM_SetIC2Prescaler                      0x08001165   Thumb Code    26  stm32f10x_tim.o(.text)
    TIM_SetIC1Prescaler                      0x08001201   Thumb Code    18  stm32f10x_tim.o(.text)
    TIM_ICInit                               0x0800127f   Thumb Code   150  stm32f10x_tim.o(.text)
    TIM_PWMIConfig                           0x08001315   Thumb Code   124  stm32f10x_tim.o(.text)
    TIM_BDTRConfig                           0x08001391   Thumb Code    32  stm32f10x_tim.o(.text)
    TIM_TimeBaseStructInit                   0x080013b1   Thumb Code    18  stm32f10x_tim.o(.text)
    TIM_OCStructInit                         0x080013c3   Thumb Code    20  stm32f10x_tim.o(.text)
    TIM_ICStructInit                         0x080013d7   Thumb Code    18  stm32f10x_tim.o(.text)
    TIM_BDTRStructInit                       0x080013e9   Thumb Code    40  stm32f10x_tim.o(.text)
    TIM_Cmd                                  0x08001411   Thumb Code    24  stm32f10x_tim.o(.text)
    TIM_CtrlPWMOutputs                       0x08001429   Thumb Code    30  stm32f10x_tim.o(.text)
    TIM_ITConfig                             0x08001447   Thumb Code    18  stm32f10x_tim.o(.text)
    TIM_GenerateEvent                        0x08001459   Thumb Code     4  stm32f10x_tim.o(.text)
    TIM_DMAConfig                            0x0800145d   Thumb Code    10  stm32f10x_tim.o(.text)
    TIM_DMACmd                               0x08001467   Thumb Code    18  stm32f10x_tim.o(.text)
    TIM_InternalClockConfig                  0x08001479   Thumb Code    12  stm32f10x_tim.o(.text)
    TIM_SelectInputTrigger                   0x08001485   Thumb Code    18  stm32f10x_tim.o(.text)
    TIM_ITRxExternalClockConfig              0x08001497   Thumb Code    24  stm32f10x_tim.o(.text)
    TIM_TIxExternalClockConfig               0x080014af   Thumb Code    62  stm32f10x_tim.o(.text)
    TIM_ETRConfig                            0x080014ed   Thumb Code    28  stm32f10x_tim.o(.text)
    TIM_ETRClockMode1Config                  0x08001509   Thumb Code    54  stm32f10x_tim.o(.text)
    TIM_ETRClockMode2Config                  0x0800153f   Thumb Code    32  stm32f10x_tim.o(.text)
    TIM_PrescalerConfig                      0x0800155f   Thumb Code     6  stm32f10x_tim.o(.text)
    TIM_CounterModeConfig                    0x08001565   Thumb Code    18  stm32f10x_tim.o(.text)
    TIM_EncoderInterfaceConfig               0x08001577   Thumb Code    66  stm32f10x_tim.o(.text)
    TIM_ForcedOC1Config                      0x080015b9   Thumb Code    18  stm32f10x_tim.o(.text)
    TIM_ForcedOC2Config                      0x080015cb   Thumb Code    26  stm32f10x_tim.o(.text)
    TIM_ForcedOC3Config                      0x080015e5   Thumb Code    18  stm32f10x_tim.o(.text)
    TIM_ForcedOC4Config                      0x080015f7   Thumb Code    26  stm32f10x_tim.o(.text)
    TIM_ARRPreloadConfig                     0x08001611   Thumb Code    24  stm32f10x_tim.o(.text)
    TIM_SelectCOM                            0x08001629   Thumb Code    24  stm32f10x_tim.o(.text)
    TIM_SelectCCDMA                          0x08001641   Thumb Code    24  stm32f10x_tim.o(.text)
    TIM_CCPreloadControl                     0x08001659   Thumb Code    24  stm32f10x_tim.o(.text)
    TIM_OC1PreloadConfig                     0x08001671   Thumb Code    18  stm32f10x_tim.o(.text)
    TIM_OC2PreloadConfig                     0x08001683   Thumb Code    26  stm32f10x_tim.o(.text)
    TIM_OC3PreloadConfig                     0x0800169d   Thumb Code    18  stm32f10x_tim.o(.text)
    TIM_OC4PreloadConfig                     0x080016af   Thumb Code    26  stm32f10x_tim.o(.text)
    TIM_OC1FastConfig                        0x080016c9   Thumb Code    18  stm32f10x_tim.o(.text)
    TIM_OC2FastConfig                        0x080016db   Thumb Code    26  stm32f10x_tim.o(.text)
    TIM_OC3FastConfig                        0x080016f5   Thumb Code    18  stm32f10x_tim.o(.text)
    TIM_OC4FastConfig                        0x08001707   Thumb Code    26  stm32f10x_tim.o(.text)
    TIM_ClearOC1Ref                          0x08001721   Thumb Code    18  stm32f10x_tim.o(.text)
    TIM_ClearOC2Ref                          0x08001733   Thumb Code    24  stm32f10x_tim.o(.text)
    TIM_ClearOC3Ref                          0x0800174b   Thumb Code    18  stm32f10x_tim.o(.text)
    TIM_ClearOC4Ref                          0x0800175d   Thumb Code    24  stm32f10x_tim.o(.text)
    TIM_OC1PolarityConfig                    0x08001775   Thumb Code    18  stm32f10x_tim.o(.text)
    TIM_OC1NPolarityConfig                   0x08001787   Thumb Code    18  stm32f10x_tim.o(.text)
    TIM_OC2PolarityConfig                    0x08001799   Thumb Code    26  stm32f10x_tim.o(.text)
    TIM_OC2NPolarityConfig                   0x080017b3   Thumb Code    26  stm32f10x_tim.o(.text)
    TIM_OC3PolarityConfig                    0x080017cd   Thumb Code    26  stm32f10x_tim.o(.text)
    TIM_OC3NPolarityConfig                   0x080017e7   Thumb Code    26  stm32f10x_tim.o(.text)
    TIM_OC4PolarityConfig                    0x08001801   Thumb Code    26  stm32f10x_tim.o(.text)
    TIM_CCxCmd                               0x0800181b   Thumb Code    30  stm32f10x_tim.o(.text)
    TIM_CCxNCmd                              0x08001839   Thumb Code    30  stm32f10x_tim.o(.text)
    TIM_SelectOCxM                           0x08001857   Thumb Code    82  stm32f10x_tim.o(.text)
    TIM_UpdateDisableConfig                  0x080018a9   Thumb Code    24  stm32f10x_tim.o(.text)
    TIM_UpdateRequestConfig                  0x080018c1   Thumb Code    24  stm32f10x_tim.o(.text)
    TIM_SelectHallSensor                     0x080018d9   Thumb Code    24  stm32f10x_tim.o(.text)
    TIM_SelectOnePulseMode                   0x080018f1   Thumb Code    18  stm32f10x_tim.o(.text)
    TIM_SelectOutputTrigger                  0x08001903   Thumb Code    18  stm32f10x_tim.o(.text)
    TIM_SelectSlaveMode                      0x08001915   Thumb Code    18  stm32f10x_tim.o(.text)
    TIM_SelectMasterSlaveMode                0x08001927   Thumb Code    18  stm32f10x_tim.o(.text)
    TIM_SetCounter                           0x08001939   Thumb Code     4  stm32f10x_tim.o(.text)
    TIM_SetAutoreload                        0x0800193d   Thumb Code     4  stm32f10x_tim.o(.text)
    TIM_SetCompare1                          0x08001941   Thumb Code     4  stm32f10x_tim.o(.text)
    TIM_SetCompare2                          0x08001945   Thumb Code     4  stm32f10x_tim.o(.text)
    TIM_SetCompare3                          0x08001949   Thumb Code     4  stm32f10x_tim.o(.text)
    TIM_SetCompare4                          0x0800194d   Thumb Code     6  stm32f10x_tim.o(.text)
    TIM_SetClockDivision                     0x08001953   Thumb Code    18  stm32f10x_tim.o(.text)
    TIM_GetCapture1                          0x08001965   Thumb Code     6  stm32f10x_tim.o(.text)
    TIM_GetCapture2                          0x0800196b   Thumb Code     6  stm32f10x_tim.o(.text)
    TIM_GetCapture3                          0x08001971   Thumb Code     6  stm32f10x_tim.o(.text)
    TIM_GetCapture4                          0x08001977   Thumb Code     8  stm32f10x_tim.o(.text)
    TIM_GetCounter                           0x0800197f   Thumb Code     6  stm32f10x_tim.o(.text)
    TIM_GetPrescaler                         0x08001985   Thumb Code     6  stm32f10x_tim.o(.text)
    TIM_GetFlagStatus                        0x0800198b   Thumb Code    18  stm32f10x_tim.o(.text)
    TIM_ClearFlag                            0x0800199d   Thumb Code     6  stm32f10x_tim.o(.text)
    TIM_GetITStatus                          0x080019a3   Thumb Code    34  stm32f10x_tim.o(.text)
    TIM_ClearITPendingBit                    0x080019c5   Thumb Code     6  stm32f10x_tim.o(.text)
    USART_DeInit                             0x080019cd   Thumb Code   134  stm32f10x_usart.o(.text)
    USART_Init                               0x08001a53   Thumb Code   210  stm32f10x_usart.o(.text)
    USART_StructInit                         0x08001b25   Thumb Code    24  stm32f10x_usart.o(.text)
    USART_ClockInit                          0x08001b3d   Thumb Code    34  stm32f10x_usart.o(.text)
    USART_ClockStructInit                    0x08001b5f   Thumb Code    12  stm32f10x_usart.o(.text)
    USART_Cmd                                0x08001b6b   Thumb Code    24  stm32f10x_usart.o(.text)
    USART_ITConfig                           0x08001b83   Thumb Code    74  stm32f10x_usart.o(.text)
    USART_DMACmd                             0x08001bcd   Thumb Code    18  stm32f10x_usart.o(.text)
    USART_SetAddress                         0x08001bdf   Thumb Code    18  stm32f10x_usart.o(.text)
    USART_WakeUpConfig                       0x08001bf1   Thumb Code    18  stm32f10x_usart.o(.text)
    USART_ReceiverWakeUpCmd                  0x08001c03   Thumb Code    24  stm32f10x_usart.o(.text)
    USART_LINBreakDetectLengthConfig         0x08001c1b   Thumb Code    18  stm32f10x_usart.o(.text)
    USART_LINCmd                             0x08001c2d   Thumb Code    24  stm32f10x_usart.o(.text)
    USART_SendData                           0x08001c45   Thumb Code     8  stm32f10x_usart.o(.text)
    USART_ReceiveData                        0x08001c4d   Thumb Code    10  stm32f10x_usart.o(.text)
    USART_SendBreak                          0x08001c57   Thumb Code    10  stm32f10x_usart.o(.text)
    USART_SetGuardTime                       0x08001c61   Thumb Code    16  stm32f10x_usart.o(.text)
    USART_SetPrescaler                       0x08001c71   Thumb Code    16  stm32f10x_usart.o(.text)
    USART_SmartCardCmd                       0x08001c81   Thumb Code    24  stm32f10x_usart.o(.text)
    USART_SmartCardNACKCmd                   0x08001c99   Thumb Code    24  stm32f10x_usart.o(.text)
    USART_HalfDuplexCmd                      0x08001cb1   Thumb Code    24  stm32f10x_usart.o(.text)
    USART_OverSampling8Cmd                   0x08001cc9   Thumb Code    22  stm32f10x_usart.o(.text)
    USART_OneBitMethodCmd                    0x08001cdf   Thumb Code    24  stm32f10x_usart.o(.text)
    USART_IrDAConfig                         0x08001cf7   Thumb Code    18  stm32f10x_usart.o(.text)
    USART_IrDACmd                            0x08001d09   Thumb Code    24  stm32f10x_usart.o(.text)
    USART_GetFlagStatus                      0x08001d21   Thumb Code    26  stm32f10x_usart.o(.text)
    USART_ClearFlag                          0x08001d3b   Thumb Code    18  stm32f10x_usart.o(.text)
    USART_GetITStatus                        0x08001d4d   Thumb Code    84  stm32f10x_usart.o(.text)
    USART_ClearITPendingBit                  0x08001da1   Thumb Code    52  stm32f10x_usart.o(.text)
    CAN_DeInit                               0x08001dd5   Thumb Code    50  stm32f10x_can.o(.text)
    CAN_Init                                 0x08001e07   Thumb Code   276  stm32f10x_can.o(.text)
    CAN_FilterInit                           0x08001f1b   Thumb Code   258  stm32f10x_can.o(.text)
    CAN_StructInit                           0x0800201d   Thumb Code    32  stm32f10x_can.o(.text)
    CAN_SlaveStartBank                       0x0800203d   Thumb Code    48  stm32f10x_can.o(.text)
    CAN_DBGFreeze                            0x0800206d   Thumb Code    22  stm32f10x_can.o(.text)
    CAN_TTComModeCmd                         0x08002083   Thumb Code   118  stm32f10x_can.o(.text)
    CAN_Transmit                             0x080020f9   Thumb Code   304  stm32f10x_can.o(.text)
    CAN_TransmitStatus                       0x08002229   Thumb Code   138  stm32f10x_can.o(.text)
    CAN_CancelTransmit                       0x080022b3   Thumb Code    48  stm32f10x_can.o(.text)
    CAN_Receive                              0x080022e3   Thumb Code   240  stm32f10x_can.o(.text)
    CAN_FIFORelease                          0x080023d3   Thumb Code    22  stm32f10x_can.o(.text)
    CAN_MessagePending                       0x080023e9   Thumb Code    30  stm32f10x_can.o(.text)
    CAN_OperatingModeRequest                 0x08002407   Thumb Code   162  stm32f10x_can.o(.text)
    CAN_Sleep                                0x080024a9   Thumb Code    30  stm32f10x_can.o(.text)
    CAN_WakeUp                               0x080024c7   Thumb Code    48  stm32f10x_can.o(.text)
    CAN_GetLastErrorCode                     0x080024f7   Thumb Code    12  stm32f10x_can.o(.text)
    CAN_GetReceiveErrorCounter               0x08002503   Thumb Code    10  stm32f10x_can.o(.text)
    CAN_GetLSBTransmitErrorCounter           0x0800250d   Thumb Code    12  stm32f10x_can.o(.text)
    CAN_ITConfig                             0x08002519   Thumb Code    18  stm32f10x_can.o(.text)
    CAN_GetFlagStatus                        0x0800252b   Thumb Code   120  stm32f10x_can.o(.text)
    CAN_ClearFlag                            0x080025a3   Thumb Code    52  stm32f10x_can.o(.text)
    CAN_GetITStatus                          0x080025e7   Thumb Code   308  stm32f10x_can.o(.text)
    CAN_ClearITPendingBit                    0x0800271b   Thumb Code   162  stm32f10x_can.o(.text)
    ADC_DeInit                               0x080027c1   Thumb Code    78  stm32f10x_adc.o(.text)
    ADC_Init                                 0x0800280f   Thumb Code    70  stm32f10x_adc.o(.text)
    ADC_StructInit                           0x08002855   Thumb Code    18  stm32f10x_adc.o(.text)
    ADC_Cmd                                  0x08002867   Thumb Code    22  stm32f10x_adc.o(.text)
    ADC_DMACmd                               0x0800287d   Thumb Code    22  stm32f10x_adc.o(.text)
    ADC_ITConfig                             0x08002893   Thumb Code    24  stm32f10x_adc.o(.text)
    ADC_ResetCalibration                     0x080028ab   Thumb Code    10  stm32f10x_adc.o(.text)
    ADC_GetResetCalibrationStatus            0x080028b5   Thumb Code    20  stm32f10x_adc.o(.text)
    ADC_StartCalibration                     0x080028c9   Thumb Code    10  stm32f10x_adc.o(.text)
    ADC_GetCalibrationStatus                 0x080028d3   Thumb Code    20  stm32f10x_adc.o(.text)
    ADC_SoftwareStartConvCmd                 0x080028e7   Thumb Code    22  stm32f10x_adc.o(.text)
    ADC_GetSoftwareStartConvStatus           0x080028fd   Thumb Code    20  stm32f10x_adc.o(.text)
    ADC_DiscModeChannelCountConfig           0x08002911   Thumb Code    24  stm32f10x_adc.o(.text)
    ADC_DiscModeCmd                          0x08002929   Thumb Code    22  stm32f10x_adc.o(.text)
    ADC_RegularChannelConfig                 0x0800293f   Thumb Code   184  stm32f10x_adc.o(.text)
    ADC_ExternalTrigConvCmd                  0x080029f7   Thumb Code    22  stm32f10x_adc.o(.text)
    ADC_GetConversionValue                   0x08002a0d   Thumb Code     8  stm32f10x_adc.o(.text)
    ADC_GetDualModeConversionValue           0x08002a15   Thumb Code     8  stm32f10x_adc.o(.text)
    ADC_AutoInjectedConvCmd                  0x08002a1d   Thumb Code    22  stm32f10x_adc.o(.text)
    ADC_InjectedDiscModeCmd                  0x08002a33   Thumb Code    22  stm32f10x_adc.o(.text)
    ADC_ExternalTrigInjectedConvConfig       0x08002a49   Thumb Code    16  stm32f10x_adc.o(.text)
    ADC_ExternalTrigInjectedConvCmd          0x08002a59   Thumb Code    22  stm32f10x_adc.o(.text)
    ADC_SoftwareStartInjectedConvCmd         0x08002a6f   Thumb Code    22  stm32f10x_adc.o(.text)
    ADC_GetSoftwareStartInjectedConvCmdStatus 0x08002a85   Thumb Code    20  stm32f10x_adc.o(.text)
    ADC_InjectedChannelConfig                0x08002a99   Thumb Code   130  stm32f10x_adc.o(.text)
    ADC_InjectedSequencerLengthConfig        0x08002b1b   Thumb Code    24  stm32f10x_adc.o(.text)
    ADC_SetInjectedOffset                    0x08002b33   Thumb Code    20  stm32f10x_adc.o(.text)
    ADC_GetInjectedConversionValue           0x08002b47   Thumb Code    28  stm32f10x_adc.o(.text)
    ADC_AnalogWatchdogCmd                    0x08002b63   Thumb Code    16  stm32f10x_adc.o(.text)
    ADC_AnalogWatchdogThresholdsConfig       0x08002b73   Thumb Code     6  stm32f10x_adc.o(.text)
    ADC_AnalogWatchdogSingleChannelConfig    0x08002b79   Thumb Code    16  stm32f10x_adc.o(.text)
    ADC_TempSensorVrefintCmd                 0x08002b89   Thumb Code    64  stm32f10x_adc.o(.text)
    ADC_GetFlagStatus                        0x08002bc9   Thumb Code    18  stm32f10x_adc.o(.text)
    ADC_ClearFlag                            0x08002bdb   Thumb Code     6  stm32f10x_adc.o(.text)
    ADC_GetITStatus                          0x08002be1   Thumb Code    36  stm32f10x_adc.o(.text)
    ADC_ClearITPendingBit                    0x08002c05   Thumb Code    10  stm32f10x_adc.o(.text)
    SystemInit                               0x08002ced   Thumb Code    78  system_stm32f10x.o(.text)
    SystemCoreClockUpdate                    0x08002d3b   Thumb Code   142  system_stm32f10x.o(.text)
    Get_current                              0x08002ded   Thumb Code   184  main.o(.text)
    main                                     0x08002ea5   Thumb Code   210  main.o(.text)
    Reset_Handler                            0x08002fa5   Thumb Code     8  startup_stm32f10x_md.o(.text)
    NMI_Handler                              0x08002fad   Thumb Code     2  startup_stm32f10x_md.o(.text)
    HardFault_Handler                        0x08002faf   Thumb Code     2  startup_stm32f10x_md.o(.text)
    MemManage_Handler                        0x08002fb1   Thumb Code     2  startup_stm32f10x_md.o(.text)
    BusFault_Handler                         0x08002fb3   Thumb Code     2  startup_stm32f10x_md.o(.text)
    UsageFault_Handler                       0x08002fb5   Thumb Code     2  startup_stm32f10x_md.o(.text)
    SVC_Handler                              0x08002fb7   Thumb Code     2  startup_stm32f10x_md.o(.text)
    DebugMon_Handler                         0x08002fb9   Thumb Code     2  startup_stm32f10x_md.o(.text)
    PendSV_Handler                           0x08002fbb   Thumb Code     2  startup_stm32f10x_md.o(.text)
    SysTick_Handler                          0x08002fbd   Thumb Code     2  startup_stm32f10x_md.o(.text)
    ADC1_2_IRQHandler                        0x08002fbf   Thumb Code     0  startup_stm32f10x_md.o(.text)
    CAN1_RX1_IRQHandler                      0x08002fbf   Thumb Code     0  startup_stm32f10x_md.o(.text)
    CAN1_SCE_IRQHandler                      0x08002fbf   Thumb Code     0  startup_stm32f10x_md.o(.text)
    DMA1_Channel1_IRQHandler                 0x08002fbf   Thumb Code     0  startup_stm32f10x_md.o(.text)
    DMA1_Channel2_IRQHandler                 0x08002fbf   Thumb Code     0  startup_stm32f10x_md.o(.text)
    DMA1_Channel3_IRQHandler                 0x08002fbf   Thumb Code     0  startup_stm32f10x_md.o(.text)
    DMA1_Channel4_IRQHandler                 0x08002fbf   Thumb Code     0  startup_stm32f10x_md.o(.text)
    DMA1_Channel5_IRQHandler                 0x08002fbf   Thumb Code     0  startup_stm32f10x_md.o(.text)
    DMA1_Channel6_IRQHandler                 0x08002fbf   Thumb Code     0  startup_stm32f10x_md.o(.text)
    DMA1_Channel7_IRQHandler                 0x08002fbf   Thumb Code     0  startup_stm32f10x_md.o(.text)
    EXTI0_IRQHandler                         0x08002fbf   Thumb Code     0  startup_stm32f10x_md.o(.text)
    EXTI15_10_IRQHandler                     0x08002fbf   Thumb Code     0  startup_stm32f10x_md.o(.text)
    EXTI1_IRQHandler                         0x08002fbf   Thumb Code     0  startup_stm32f10x_md.o(.text)
    EXTI2_IRQHandler                         0x08002fbf   Thumb Code     0  startup_stm32f10x_md.o(.text)
    EXTI3_IRQHandler                         0x08002fbf   Thumb Code     0  startup_stm32f10x_md.o(.text)
    EXTI4_IRQHandler                         0x08002fbf   Thumb Code     0  startup_stm32f10x_md.o(.text)
    EXTI9_5_IRQHandler                       0x08002fbf   Thumb Code     0  startup_stm32f10x_md.o(.text)
    FLASH_IRQHandler                         0x08002fbf   Thumb Code     0  startup_stm32f10x_md.o(.text)
    I2C1_ER_IRQHandler                       0x08002fbf   Thumb Code     0  startup_stm32f10x_md.o(.text)
    I2C1_EV_IRQHandler                       0x08002fbf   Thumb Code     0  startup_stm32f10x_md.o(.text)
    I2C2_ER_IRQHandler                       0x08002fbf   Thumb Code     0  startup_stm32f10x_md.o(.text)
    I2C2_EV_IRQHandler                       0x08002fbf   Thumb Code     0  startup_stm32f10x_md.o(.text)
    PVD_IRQHandler                           0x08002fbf   Thumb Code     0  startup_stm32f10x_md.o(.text)
    RCC_IRQHandler                           0x08002fbf   Thumb Code     0  startup_stm32f10x_md.o(.text)
    RTCAlarm_IRQHandler                      0x08002fbf   Thumb Code     0  startup_stm32f10x_md.o(.text)
    RTC_IRQHandler                           0x08002fbf   Thumb Code     0  startup_stm32f10x_md.o(.text)
    SPI1_IRQHandler                          0x08002fbf   Thumb Code     0  startup_stm32f10x_md.o(.text)
    SPI2_IRQHandler                          0x08002fbf   Thumb Code     0  startup_stm32f10x_md.o(.text)
    TAMPER_IRQHandler                        0x08002fbf   Thumb Code     0  startup_stm32f10x_md.o(.text)
    TIM1_BRK_IRQHandler                      0x08002fbf   Thumb Code     0  startup_stm32f10x_md.o(.text)
    TIM1_CC_IRQHandler                       0x08002fbf   Thumb Code     0  startup_stm32f10x_md.o(.text)
    TIM1_TRG_COM_IRQHandler                  0x08002fbf   Thumb Code     0  startup_stm32f10x_md.o(.text)
    TIM2_IRQHandler                          0x08002fbf   Thumb Code     0  startup_stm32f10x_md.o(.text)
    TIM3_IRQHandler                          0x08002fbf   Thumb Code     0  startup_stm32f10x_md.o(.text)
    TIM4_IRQHandler                          0x08002fbf   Thumb Code     0  startup_stm32f10x_md.o(.text)
    USART2_IRQHandler                        0x08002fbf   Thumb Code     0  startup_stm32f10x_md.o(.text)
    USART3_IRQHandler                        0x08002fbf   Thumb Code     0  startup_stm32f10x_md.o(.text)
    USBWakeUp_IRQHandler                     0x08002fbf   Thumb Code     0  startup_stm32f10x_md.o(.text)
    USB_HP_CAN1_TX_IRQHandler                0x08002fbf   Thumb Code     0  startup_stm32f10x_md.o(.text)
    WWDG_IRQHandler                          0x08002fbf   Thumb Code     0  startup_stm32f10x_md.o(.text)
    __user_initial_stackheap                 0x08002fc1   Thumb Code     0  startup_stm32f10x_md.o(.text)
    delay_init                               0x08002fe5   Thumb Code    48  delay.o(.text)
    delay_us                                 0x08003015   Thumb Code    54  delay.o(.text)
    delay_ms                                 0x0800304b   Thumb Code    64  delay.o(.text)
    PID_Spe_Control                          0x08003095   Thumb Code   108  pid.o(.text)
    PID_Pos_Control                          0x08003101   Thumb Code    68  pid.o(.text)
    RCC_Configuration                        0x0800314d   Thumb Code   100  sysinit.o(.text)
    Control_Input_Config                     0x080031b1   Thumb Code    40  sysinit.o(.text)
    Dir_Config                               0x080031d9   Thumb Code    80  sysinit.o(.text)
    TIM2_EncoderMode                         0x08003229   Thumb Code   162  sysinit.o(.text)
    TIM3_EncoderMode                         0x080032cb   Thumb Code   154  sysinit.o(.text)
    TIM4_PWMMode                             0x08003365   Thumb Code   178  sysinit.o(.text)
    TIM1_InterruptMode                       0x08003417   Thumb Code   132  sysinit.o(.text)
    ADC1_Configuration                       0x0800349b   Thumb Code   138  sysinit.o(.text)
    LED_Init                                 0x08003525   Thumb Code    50  sysinit.o(.text)
    CAN1_GPIOConfig                          0x08003575   Thumb Code    68  can1.o(.text)
    CAN1_NVIC_Configuration                  0x080035b9   Thumb Code    42  can1.o(.text)
    CAN1_Configuration                       0x080035e3   Thumb Code   148  can1.o(.text)
    CAN1_Send                                0x08003677   Thumb Code   114  can1.o(.text)
    USB_LP_CAN1_RX0_IRQHandler               0x080036e9   Thumb Code    46  can1.o(.text)
    LED_Flash                                0x08003721   Thumb Code    70  control.o(.text)
    Motion_Control                           0x08003767   Thumb Code   280  control.o(.text)
    TIM1_UP_IRQHandler                       0x0800387f   Thumb Code   360  control.o(.text)
    Adc_GPIO_Init                            0x08003a39   Thumb Code    32  ai.o(.text)
    ADC1_DMA_Init                            0x08003a59   Thumb Code    82  ai.o(.text)
    Adc_Init                                 0x08003aab   Thumb Code   178  ai.o(.text)
    AI_init                                  0x08003b5d   Thumb Code    12  ai.o(.text)
    Uart1_Gpio_Conf                          0x08003ba1   Thumb Code    68  usart1.o(.text)
    Uart1_Conf                               0x08003be5   Thumb Code   106  usart1.o(.text)
    Uart1_Init                               0x08003c4f   Thumb Code    16  usart1.o(.text)
    Uart1_Put_Buf                            0x08003c5f   Thumb Code    42  usart1.o(.text)
    Data_Send_Sensor                         0x08003c89   Thumb Code   328  usart1.o(.text)
    Data_Send_Check                          0x08003dd1   Thumb Code    68  usart1.o(.text)
    Data_Receive_Anl                         0x08003e15   Thumb Code   274  usart1.o(.text)
    USART1_IRQHandler                        0x08003f27   Thumb Code   310  usart1.o(.text)
    __use_two_region_memory                  0x0800406d   Thumb Code     2  heapauxi.o(.text)
    __rt_heap_escrow$2region                 0x0800406f   Thumb Code     2  heapauxi.o(.text)
    __rt_heap_expand$2region                 0x08004071   Thumb Code     2  heapauxi.o(.text)
    __user_setup_stackheap                   0x08004073   Thumb Code    74  sys_stackheap_outer.o(.text)
    exit                                     0x080040bd   Thumb Code    12  exit.o(.text)
    __user_libspace                          0x080040c9   Thumb Code     8  libspace.o(.text)
    __user_perproc_libspace                  0x080040c9   Thumb Code     0  libspace.o(.text)
    __user_perthread_libspace                0x080040c9   Thumb Code     0  libspace.o(.text)
    _sys_exit                                0x080040d1   Thumb Code     8  sys_exit.o(.text)
    __I$use$semihosting                      0x080040dd   Thumb Code     0  use_no_semi.o(.text)
    __use_no_semihosting_swi                 0x080040dd   Thumb Code     2  use_no_semi.o(.text)
    __semihosting_library_function           0x080040df   Thumb Code     0  indicate_semi.o(.text)
    __aeabi_d2f                              0x080040e1   Thumb Code     0  d2f.o(x$fpl$d2f)
    _d2f                                     0x080040e1   Thumb Code    98  d2f.o(x$fpl$d2f)
    __aeabi_dadd                             0x08004145   Thumb Code     0  daddsub_clz.o(x$fpl$dadd)
    _dadd                                    0x08004145   Thumb Code   332  daddsub_clz.o(x$fpl$dadd)
    __aeabi_ddiv                             0x08004295   Thumb Code     0  ddiv.o(x$fpl$ddiv)
    _ddiv                                    0x08004295   Thumb Code   552  ddiv.o(x$fpl$ddiv)
    __aeabi_d2iz                             0x08004545   Thumb Code     0  dfix.o(x$fpl$dfix)
    _dfix                                    0x08004545   Thumb Code    94  dfix.o(x$fpl$dfix)
    __aeabi_ui2d                             0x080045a3   Thumb Code     0  dflt_clz.o(x$fpl$dfltu)
    _dfltu                                   0x080045a3   Thumb Code    38  dflt_clz.o(x$fpl$dfltu)
    __aeabi_dmul                             0x080045c9   Thumb Code     0  dmul.o(x$fpl$dmul)
    _dmul                                    0x080045c9   Thumb Code   332  dmul.o(x$fpl$dmul)
    __fpl_dnaninf                            0x0800471d   Thumb Code   156  dnaninf.o(x$fpl$dnaninf)
    __fpl_dretinf                            0x080047b9   Thumb Code    12  dretinf.o(x$fpl$dretinf)
    __aeabi_dsub                             0x080047c5   Thumb Code     0  daddsub_clz.o(x$fpl$dsub)
    _dsub                                    0x080047c5   Thumb Code   464  daddsub_clz.o(x$fpl$dsub)
    __aeabi_f2d                              0x08004999   Thumb Code     0  f2d.o(x$fpl$f2d)
    _f2d                                     0x08004999   Thumb Code    86  f2d.o(x$fpl$f2d)
    __aeabi_fadd                             0x080049f1   Thumb Code     0  faddsub_clz.o(x$fpl$fadd)
    _fadd                                    0x080049f1   Thumb Code   196  faddsub_clz.o(x$fpl$fadd)
    __fpl_fcmp_Inf                           0x08004ab5   Thumb Code    24  fcmpi.o(x$fpl$fcmpinf)
    __aeabi_f2iz                             0x08004acd   Thumb Code     0  ffix.o(x$fpl$ffix)
    _ffix                                    0x08004acd   Thumb Code    54  ffix.o(x$fpl$ffix)
    __aeabi_f2uiz                            0x08004b05   Thumb Code     0  ffixu.o(x$fpl$ffixu)
    _ffixu                                   0x08004b05   Thumb Code    62  ffixu.o(x$fpl$ffixu)
    __aeabi_i2f                              0x08004b45   Thumb Code     0  fflt_clz.o(x$fpl$fflt)
    _fflt                                    0x08004b45   Thumb Code    48  fflt_clz.o(x$fpl$fflt)
    __aeabi_cfcmple                          0x08004b75   Thumb Code     0  fleqf.o(x$fpl$fleqf)
    _fcmple                                  0x08004b75   Thumb Code   104  fleqf.o(x$fpl$fleqf)
    __fpl_fcmple_InfNaN                      0x08004bc7   Thumb Code     0  fleqf.o(x$fpl$fleqf)
    __aeabi_fmul                             0x08004bdd   Thumb Code     0  fmul.o(x$fpl$fmul)
    _fmul                                    0x08004bdd   Thumb Code   258  fmul.o(x$fpl$fmul)
    __fpl_fnaninf                            0x08004cdf   Thumb Code   140  fnaninf.o(x$fpl$fnaninf)
    __fpl_fretinf                            0x08004d6b   Thumb Code    10  fretinf.o(x$fpl$fretinf)
    __aeabi_cfrcmple                         0x08004d75   Thumb Code     0  frleqf.o(x$fpl$frleqf)
    _frcmple                                 0x08004d75   Thumb Code    98  frleqf.o(x$fpl$frleqf)
    __aeabi_fsub                             0x08004dd9   Thumb Code     0  faddsub_clz.o(x$fpl$fsub)
    _fsub                                    0x08004dd9   Thumb Code   234  faddsub_clz.o(x$fpl$fsub)
    __I$use$fp                               0x08004ec2   Number         0  usenofp.o(x$fpl$usenofp)
    Region$$Table$$Base                      0x08004ec4   Number         0  anon$$obj.o(Region$$Table)
    Region$$Table$$Limit                     0x08004ee4   Number         0  anon$$obj.o(Region$$Table)
    SystemCoreClock                          0x20000014   Data           4  system_stm32f10x.o(.data)
    AHBPrescTable                            0x20000018   Data          16  system_stm32f10x.o(.data)
    Motor_Target                             0x20000028   Data           4  main.o(.data)
    Mode                                     0x2000002c   Data           4  main.o(.data)
    motor1_cur                               0x20000030   Data           4  main.o(.data)
    motor2_cur                               0x20000034   Data           4  main.o(.data)
    mai                                      0x20000038   Data           4  main.o(.data)
    inc                                      0x2000003c   Data           4  main.o(.data)
    E101                                     0x20000040   Data           4  main.o(.data)
    PID_main_Speed                           0x20000048   Data          24  control.o(.data)
    PID_101_Speed                            0x20000060   Data          24  control.o(.data)
    PID_101_Pos                              0x20000078   Data          24  control.o(.data)
    Encoder_main                             0x20000090   Data           8  control.o(.data)
    Encoder_101                              0x20000098   Data           8  control.o(.data)
    Data                                     0x200000a0   Data           8  control.o(.data)
    ADCConvertedValue                        0x200000b8   Data           4  ai.o(.data)
    count                                    0x200000bc   Data           1  usart1.o(.data)
    position                                 0x200000be   Data          16  usart1.o(.data)
    Data_Chec                                0x200000d0   Data           1  usart1.o(.data)
    Send_PID1                                0x200000d1   Data           1  usart1.o(.data)
    Send_PID3                                0x200000d2   Data           1  usart1.o(.data)
    data_to_send                             0x200000d4   Data         255  usart1.o(.bss)
    TxBuffer                                 0x200001d3   Data         255  usart1.o(.bss)
    PID_main                                 0x20000304   Data          12  usart1.o(.bss)
    PID_101_pos                              0x20000310   Data          12  usart1.o(.bss)
    PID_101_spe                              0x2000031c   Data          12  usart1.o(.bss)
    __libspace_start                         0x20000328   Data          96  libspace.o(.bss)
    __temporary_stack_top$libspace           0x20000388   Data           0  libspace.o(.bss)



==============================================================================

Memory Map of the image

  Image Entry point : 0x080000ed

  Load Region LR_IROM1 (Base: 0x08000000, Size: 0x00004fb8, Max: 0x00010000, ABSOLUTE)

    Execution Region ER_IROM1 (Base: 0x08000000, Size: 0x00004ee4, Max: 0x00010000, ABSOLUTE)

    Base Addr    Size         Type   Attr      Idx    E Section Name        Object

    0x08000000   0x000000ec   Data   RO          377    RESET               startup_stm32f10x_md.o
    0x080000ec   0x00000008   Code   RO          567  * !!!main             c_w.l(__main.o)
    0x080000f4   0x00000034   Code   RO          784    !!!scatter          c_w.l(__scatter.o)
    0x08000128   0x0000001a   Code   RO          786    !!handler_copy      c_w.l(__scatter_copy.o)
    0x08000142   0x00000002   PAD
    0x08000144   0x0000001c   Code   RO          788    !!handler_zi        c_w.l(__scatter_zi.o)
    0x08000160   0x00000002   Code   RO          657    .ARM.Collect$$libinit$$00000000  c_w.l(libinit.o)
    0x08000162   0x00000000   Code   RO          664    .ARM.Collect$$libinit$$00000002  c_w.l(libinit2.o)
    0x08000162   0x00000000   Code   RO          667    .ARM.Collect$$libinit$$00000008  c_w.l(libinit2.o)
    0x08000162   0x00000000   Code   RO          669    .ARM.Collect$$libinit$$0000000A  c_w.l(libinit2.o)
    0x08000162   0x00000000   Code   RO          671    .ARM.Collect$$libinit$$0000000C  c_w.l(libinit2.o)
    0x08000162   0x00000000   Code   RO          674    .ARM.Collect$$libinit$$0000000F  c_w.l(libinit2.o)
    0x08000162   0x00000000   Code   RO          676    .ARM.Collect$$libinit$$00000011  c_w.l(libinit2.o)
    0x08000162   0x00000000   Code   RO          678    .ARM.Collect$$libinit$$00000013  c_w.l(libinit2.o)
    0x08000162   0x00000000   Code   RO          680    .ARM.Collect$$libinit$$00000015  c_w.l(libinit2.o)
    0x08000162   0x00000000   Code   RO          682    .ARM.Collect$$libinit$$00000017  c_w.l(libinit2.o)
    0x08000162   0x00000000   Code   RO          684    .ARM.Collect$$libinit$$00000019  c_w.l(libinit2.o)
    0x08000162   0x00000000   Code   RO          686    .ARM.Collect$$libinit$$0000001B  c_w.l(libinit2.o)
    0x08000162   0x00000000   Code   RO          688    .ARM.Collect$$libinit$$0000001D  c_w.l(libinit2.o)
    0x08000162   0x00000000   Code   RO          690    .ARM.Collect$$libinit$$0000001F  c_w.l(libinit2.o)
    0x08000162   0x00000000   Code   RO          692    .ARM.Collect$$libinit$$00000021  c_w.l(libinit2.o)
    0x08000162   0x00000000   Code   RO          694    .ARM.Collect$$libinit$$00000023  c_w.l(libinit2.o)
    0x08000162   0x00000000   Code   RO          698    .ARM.Collect$$libinit$$0000002A  c_w.l(libinit2.o)
    0x08000162   0x00000000   Code   RO          700    .ARM.Collect$$libinit$$0000002C  c_w.l(libinit2.o)
    0x08000162   0x00000000   Code   RO          702    .ARM.Collect$$libinit$$0000002E  c_w.l(libinit2.o)
    0x08000162   0x00000000   Code   RO          704    .ARM.Collect$$libinit$$00000030  c_w.l(libinit2.o)
    0x08000162   0x00000002   Code   RO          705    .ARM.Collect$$libinit$$00000031  c_w.l(libinit2.o)
    0x08000164   0x00000002   Code   RO          725    .ARM.Collect$$libshutdown$$00000000  c_w.l(libshutdown.o)
    0x08000166   0x00000000   Code   RO          739    .ARM.Collect$$libshutdown$$00000003  c_w.l(libshutdown2.o)
    0x08000166   0x00000000   Code   RO          742    .ARM.Collect$$libshutdown$$00000006  c_w.l(libshutdown2.o)
    0x08000166   0x00000000   Code   RO          745    .ARM.Collect$$libshutdown$$00000009  c_w.l(libshutdown2.o)
    0x08000166   0x00000000   Code   RO          747    .ARM.Collect$$libshutdown$$0000000B  c_w.l(libshutdown2.o)
    0x08000166   0x00000000   Code   RO          750    .ARM.Collect$$libshutdown$$0000000E  c_w.l(libshutdown2.o)
    0x08000166   0x00000002   Code   RO          751    .ARM.Collect$$libshutdown$$0000000F  c_w.l(libshutdown2.o)
    0x08000168   0x00000000   Code   RO          621    .ARM.Collect$$rtentry$$00000000  c_w.l(rtentry.o)
    0x08000168   0x00000000   Code   RO          634    .ARM.Collect$$rtentry$$00000002  c_w.l(rtentry2.o)
    0x08000168   0x00000006   Code   RO          646    .ARM.Collect$$rtentry$$00000004  c_w.l(rtentry4.o)
    0x0800016e   0x00000000   Code   RO          636    .ARM.Collect$$rtentry$$00000009  c_w.l(rtentry2.o)
    0x0800016e   0x00000004   Code   RO          637    .ARM.Collect$$rtentry$$0000000A  c_w.l(rtentry2.o)
    0x08000172   0x00000000   Code   RO          639    .ARM.Collect$$rtentry$$0000000C  c_w.l(rtentry2.o)
    0x08000172   0x00000008   Code   RO          640    .ARM.Collect$$rtentry$$0000000D  c_w.l(rtentry2.o)
    0x0800017a   0x00000002   Code   RO          661    .ARM.Collect$$rtexit$$00000000  c_w.l(rtexit.o)
    0x0800017c   0x00000000   Code   RO          707    .ARM.Collect$$rtexit$$00000002  c_w.l(rtexit2.o)
    0x0800017c   0x00000004   Code   RO          708    .ARM.Collect$$rtexit$$00000003  c_w.l(rtexit2.o)
    0x08000180   0x00000006   Code   RO          709    .ARM.Collect$$rtexit$$00000004  c_w.l(rtexit2.o)
    0x08000186   0x00000002   PAD
    0x08000188   0x000000dc   Code   RO            3    .text               misc.o
    0x08000264   0x00000250   Code   RO          118    .text               stm32f10x_dma.o
    0x080004b4   0x00000358   Code   RO          158    .text               stm32f10x_gpio.o
    0x0800080c   0x000003a4   Code   RO          198    .text               stm32f10x_rcc.o
    0x08000bb0   0x00000e1a   Code   RO          220    .text               stm32f10x_tim.o
    0x080019ca   0x00000002   PAD
    0x080019cc   0x00000408   Code   RO          240    .text               stm32f10x_usart.o
    0x08001dd4   0x000009ec   Code   RO          260    .text               stm32f10x_can.o
    0x080027c0   0x0000044e   Code   RO          280    .text               stm32f10x_adc.o
    0x08002c0e   0x00000002   PAD
    0x08002c10   0x000001dc   Code   RO          310    .text               system_stm32f10x.o
    0x08002dec   0x000001b8   Code   RO          336    .text               main.o
    0x08002fa4   0x00000040   Code   RO          378    .text               startup_stm32f10x_md.o
    0x08002fe4   0x000000b0   Code   RO          384    .text               delay.o
    0x08003094   0x000000b8   Code   RO          406    .text               pid.o
    0x0800314c   0x00000428   Code   RO          429    .text               sysinit.o
    0x08003574   0x000001ac   Code   RO          461    .text               can1.o
    0x08003720   0x00000318   Code   RO          481    .text               control.o
    0x08003a38   0x00000140   Code   RO          512    .text               ai.o
    0x08003b78   0x000004f4   Code   RO          538    .text               usart1.o
    0x0800406c   0x00000006   Code   RO          565    .text               c_w.l(heapauxi.o)
    0x08004072   0x0000004a   Code   RO          648    .text               c_w.l(sys_stackheap_outer.o)
    0x080040bc   0x0000000c   Code   RO          650    .text               c_w.l(exit.o)
    0x080040c8   0x00000008   Code   RO          658    .text               c_w.l(libspace.o)
    0x080040d0   0x0000000c   Code   RO          717    .text               c_w.l(sys_exit.o)
    0x080040dc   0x00000002   Code   RO          728    .text               c_w.l(use_no_semi.o)
    0x080040de   0x00000000   Code   RO          730    .text               c_w.l(indicate_semi.o)
    0x080040de   0x00000002   PAD
    0x080040e0   0x00000062   Code   RO          569    x$fpl$d2f           fz_ws.l(d2f.o)
    0x08004142   0x00000002   PAD
    0x08004144   0x00000150   Code   RO          571    x$fpl$dadd          fz_ws.l(daddsub_clz.o)
    0x08004294   0x000002b0   Code   RO          578    x$fpl$ddiv          fz_ws.l(ddiv.o)
    0x08004544   0x0000005e   Code   RO          581    x$fpl$dfix          fz_ws.l(dfix.o)
    0x080045a2   0x00000026   Code   RO          585    x$fpl$dfltu         fz_ws.l(dflt_clz.o)
    0x080045c8   0x00000154   Code   RO          591    x$fpl$dmul          fz_ws.l(dmul.o)
    0x0800471c   0x0000009c   Code   RO          622    x$fpl$dnaninf       fz_ws.l(dnaninf.o)
    0x080047b8   0x0000000c   Code   RO          624    x$fpl$dretinf       fz_ws.l(dretinf.o)
    0x080047c4   0x000001d4   Code   RO          573    x$fpl$dsub          fz_ws.l(daddsub_clz.o)
    0x08004998   0x00000056   Code   RO          593    x$fpl$f2d           fz_ws.l(f2d.o)
    0x080049ee   0x00000002   PAD
    0x080049f0   0x000000c4   Code   RO          595    x$fpl$fadd          fz_ws.l(faddsub_clz.o)
    0x08004ab4   0x00000018   Code   RO          626    x$fpl$fcmpinf       fz_ws.l(fcmpi.o)
    0x08004acc   0x00000036   Code   RO          601    x$fpl$ffix          fz_ws.l(ffix.o)
    0x08004b02   0x00000002   PAD
    0x08004b04   0x0000003e   Code   RO          605    x$fpl$ffixu         fz_ws.l(ffixu.o)
    0x08004b42   0x00000002   PAD
    0x08004b44   0x00000030   Code   RO          610    x$fpl$fflt          fz_ws.l(fflt_clz.o)
    0x08004b74   0x00000068   Code   RO          615    x$fpl$fleqf         fz_ws.l(fleqf.o)
    0x08004bdc   0x00000102   Code   RO          617    x$fpl$fmul          fz_ws.l(fmul.o)
    0x08004cde   0x0000008c   Code   RO          628    x$fpl$fnaninf       fz_ws.l(fnaninf.o)
    0x08004d6a   0x0000000a   Code   RO          630    x$fpl$fretinf       fz_ws.l(fretinf.o)
    0x08004d74   0x00000062   Code   RO          619    x$fpl$frleqf        fz_ws.l(frleqf.o)
    0x08004dd6   0x00000002   PAD
    0x08004dd8   0x000000ea   Code   RO          597    x$fpl$fsub          fz_ws.l(faddsub_clz.o)
    0x08004ec2   0x00000000   Code   RO          632    x$fpl$usenofp       fz_ws.l(usenofp.o)
    0x08004ec2   0x00000002   PAD
    0x08004ec4   0x00000020   Data   RO          782    Region$$Table       anon$$obj.o


    Execution Region RW_IRAM1 (Base: 0x20000000, Size: 0x00000988, Max: 0x00005000, ABSOLUTE)

    Base Addr    Size         Type   Attr      Idx    E Section Name        Object

    0x20000000   0x00000014   Data   RW          199    .data               stm32f10x_rcc.o
    0x20000014   0x00000014   Data   RW          311    .data               system_stm32f10x.o
    0x20000028   0x0000001c   Data   RW          337    .data               main.o
    0x20000044   0x00000004   Data   RW          385    .data               delay.o
    0x20000048   0x00000070   Data   RW          482    .data               control.o
    0x200000b8   0x00000004   Data   RW          513    .data               ai.o
    0x200000bc   0x00000017   Data   RW          540    .data               usart1.o
    0x200000d3   0x00000001   PAD
    0x200000d4   0x00000254   Zero   RW          539    .bss                usart1.o
    0x20000328   0x00000060   Zero   RW          659    .bss                c_w.l(libspace.o)
    0x20000388   0x00000200   Zero   RW          376    HEAP                startup_stm32f10x_md.o
    0x20000588   0x00000400   Zero   RW          375    STACK               startup_stm32f10x_md.o


==============================================================================

Image component sizes


      Code (inc. data)   RO Data    RW Data    ZI Data      Debug   Object Name

       320         16          0          4          0       1555   ai.o
       428         10          0          0          0       1878   can1.o
       792         82          0        112          0       1890   control.o
       176         10          0          4          0        999   delay.o
       440         46          0         28          0       1234   main.o
       220         20          0          0          0     279837   misc.o
       184          8          0          0          0       1498   pid.o
        64         26        236          0       1536        760   startup_stm32f10x_md.o
      1102         26          0          0          0      10753   stm32f10x_adc.o
      2540         38          0          0          0       7768   stm32f10x_can.o
       592          8          0          0          0       4246   stm32f10x_dma.o
       856         40          0          0          0       5565   stm32f10x_gpio.o
       932         44          0         20          0       8716   stm32f10x_rcc.o
      3610         88          0          0          0      22048   stm32f10x_tim.o
      1032         22          0          0          0       8288   stm32f10x_usart.o
      1064         30          0          0          0       2578   sysinit.o
       476         36          0         20          0       1775   system_stm32f10x.o
      1268         54          0         23        596       4048   usart1.o

    ----------------------------------------------------------------------
     16100        604        268        212       2132     365436   Object Totals
         0          0         32          0          0          0   (incl. Generated)
         4          0          0          1          0          0   (incl. Padding)

    ----------------------------------------------------------------------

      Code (inc. data)   RO Data    RW Data    ZI Data      Debug   Library Member Name

         8          0          0          0          0         68   __main.o
        52          8          0          0          0          0   __scatter.o
        26          0          0          0          0          0   __scatter_copy.o
        28          0          0          0          0          0   __scatter_zi.o
        12          0          0          0          0         72   exit.o
         6          0          0          0          0        152   heapauxi.o
         0          0          0          0          0          0   indicate_semi.o
         2          0          0          0          0          0   libinit.o
         2          0          0          0          0          0   libinit2.o
         2          0          0          0          0          0   libshutdown.o
         2          0          0          0          0          0   libshutdown2.o
         8          4          0          0         96         68   libspace.o
         0          0          0          0          0          0   rtentry.o
        12          0          0          0          0          0   rtentry2.o
         6          0          0          0          0          0   rtentry4.o
         2          0          0          0          0          0   rtexit.o
        10          0          0          0          0          0   rtexit2.o
        12          4          0          0          0         68   sys_exit.o
        74          0          0          0          0         80   sys_stackheap_outer.o
         2          0          0          0          0         68   use_no_semi.o
        98          4          0          0          0         92   d2f.o
       804         16          0          0          0        272   daddsub_clz.o
       688        140          0          0          0        208   ddiv.o
        94          4          0          0          0         92   dfix.o
        38          0          0          0          0         68   dflt_clz.o
       340         12          0          0          0        104   dmul.o
       156          4          0          0          0         92   dnaninf.o
        12          0          0          0          0         68   dretinf.o
        86          4          0          0          0         84   f2d.o
       430          8          0          0          0        168   faddsub_clz.o
        24          0          0          0          0         68   fcmpi.o
        54          4          0          0          0         84   ffix.o
        62          4          0          0          0         84   ffixu.o
        48          0          0          0          0         68   fflt_clz.o
       104          4          0          0          0         84   fleqf.o
       258          4          0          0          0         84   fmul.o
       140          4          0          0          0         84   fnaninf.o
        10          0          0          0          0         68   fretinf.o
        98          0          0          0          0         68   frleqf.o
         0          0          0          0          0          0   usenofp.o

    ----------------------------------------------------------------------
      3828        228          0          0         96       2516   Library Totals
        18          0          0          0          0          0   (incl. Padding)

    ----------------------------------------------------------------------

      Code (inc. data)   RO Data    RW Data    ZI Data      Debug   Library Name

       266         16          0          0         96        576   c_w.l
      3544        212          0          0          0       1940   fz_ws.l

    ----------------------------------------------------------------------
      3828        228          0          0         96       2516   Library Totals

    ----------------------------------------------------------------------

==============================================================================


      Code (inc. data)   RO Data    RW Data    ZI Data      Debug   

     19928        832        268        212       2228     364884   Grand Totals
     19928        832        268        212       2228     364884   ELF Image Totals
     19928        832        268        212          0          0   ROM Totals

==============================================================================

    Total RO  Size (Code + RO Data)                20196 (  19.72kB)
    Total RW  Size (RW Data + ZI Data)              2440 (   2.38kB)
    Total ROM Size (Code + RO Data + RW Data)      20408 (  19.93kB)

==============================================================================

